2026-01-19 14:28:19.986: [INFO] OnDoneLoading sync enabled: 0
2026-01-19 14:28:20.177: [INFO] RecordSyncInitDuration has_sync_been_enabled: 0 state: 0
2026-01-19 14:29:25.969: [INFO] RecordSyncInitDuration has_sync_been_enabled: 0 state: 3
2026-01-19 14:29:25.970: [INFO] Primary account changed.
2026-01-19 14:29:25.970: [INFO] OnPrimaryAccountChanged PrimaryAccountChangeEvent::Type::kSet
2026-01-19 14:29:32.209: [INFO] VisibilityChanged: 0
2026-01-19 14:29:40.508: [INFO] BookmarkNodeAdded, ABU: 0
2026-01-19 14:29:40.508: [INFO] BookmarkNodeAdded, ABU: 0
2026-01-19 14:29:40.508: [INFO] BookmarkNodeAdded, ABU: 0
2026-01-19 14:29:40.508: [INFO] BookmarkNodeAdded, ABU: 0
2026-01-19 14:29:40.509: [INFO] BookmarkNodeAdded, ABU: 0
2026-01-19 14:29:40.509: [INFO] BookmarkNodeAdded, ABU: 0
2026-01-19 14:29:40.509: [INFO] BookmarkNodeAdded, ABU: 0
2026-01-19 14:29:40.509: [INFO] BookmarkNodeAdded, ABU: 0
2026-01-19 14:29:40.509: [INFO] BookmarkNodeAdded, ABU: 0
2026-01-19 14:29:40.509: [INFO] BookmarkNodeAdded, ABU: 0
2026-01-19 14:29:40.509: [INFO] BookmarkNodeAdded, ABU: 0
2026-01-19 14:29:40.509: [INFO] BookmarkNodeAdded, ABU: 0
2026-01-19 14:29:40.509: [INFO] BookmarkNodeAdded, ABU: 0
2026-01-19 14:29:40.509: [INFO] BookmarkNodeAdded, ABU: 0
2026-01-19 14:29:40.509: [INFO] BookmarkNodeAdded, ABU: 0
2026-01-19 14:29:40.509: [INFO] BookmarkNodeAdded, ABU: 0
2026-01-19 14:29:40.509: [INFO] BookmarkNodeAdded, ABU: 0
2026-01-19 14:29:40.509: [INFO] BookmarkNodeAdded, ABU: 0
2026-01-19 14:29:40.509: [INFO] BookmarkNodeAdded, ABU: 0
2026-01-19 14:29:40.509: [INFO] BookmarkNodeAdded, ABU: 0
2026-01-19 14:29:40.509: [INFO] BookmarkNodeAdded, ABU: 0
2026-01-19 14:29:40.509: [INFO] BookmarkNodeAdded, ABU: 0
2026-01-19 14:29:40.509: [INFO] BookmarkNodeAdded, ABU: 0
2026-01-19 14:29:40.509: [INFO] BookmarkNodeAdded, ABU: 0
2026-01-19 14:29:40.509: [INFO] BookmarkNodeAdded, ABU: 0
2026-01-19 14:29:40.509: [INFO] BookmarkNodeAdded, ABU: 0
2026-01-19 14:29:40.509: [INFO] BookmarkNodeAdded, ABU: 0
2026-01-19 14:29:40.509: [INFO] BookmarkNodeAdded, ABU: 0
2026-01-19 14:29:40.510: [INFO] BookmarkNodeAdded, ABU: 0
2026-01-19 14:29:40.510: [INFO] BookmarkNodeAdded, ABU: 0
2026-01-19 14:29:40.510: [INFO] BookmarkNodeAdded, ABU: 0
2026-01-19 14:29:40.510: [INFO] BookmarkNodeAdded, ABU: 0
2026-01-19 14:29:40.510: [INFO] BookmarkNodeAdded, ABU: 0
2026-01-19 14:29:40.510: [INFO] BookmarkNodeAdded, ABU: 0
2026-01-19 14:29:40.510: [INFO] BookmarkNodeAdded, ABU: 0
2026-01-19 14:29:40.510: [INFO] BookmarkNodeAdded, ABU: 0
2026-01-19 14:29:40.510: [INFO] BookmarkNodeAdded, ABU: 0
2026-01-19 14:29:40.510: [INFO] BookmarkNodeAdded, ABU: 0
2026-01-19 14:29:40.510: [INFO] BookmarkNodeAdded, ABU: 0
2026-01-19 14:29:40.510: [INFO] BookmarkNodeAdded, ABU: 0
2026-01-19 14:29:40.510: [INFO] BookmarkNodeAdded, ABU: 0
2026-01-19 14:29:40.510: [INFO] BookmarkNodeAdded, ABU: 0
2026-01-19 14:29:40.510: [INFO] BookmarkNodeAdded, ABU: 0
2026-01-19 14:29:40.510: [INFO] BookmarkNodeAdded, ABU: 0
2026-01-19 14:29:40.510: [INFO] BookmarkNodeAdded, ABU: 0
2026-01-19 14:29:40.510: [INFO] BookmarkNodeAdded, ABU: 0
2026-01-19 14:29:40.510: [INFO] BookmarkNodeAdded, ABU: 0
2026-01-19 14:29:40.510: [INFO] BookmarkNodeAdded, ABU: 0
2026-01-19 14:29:40.510: [INFO] BookmarkNodeAdded, ABU: 0
2026-01-19 14:29:40.510: [INFO] BookmarkNodeAdded, ABU: 0
2026-01-19 14:29:40.510: [INFO] BookmarkNodeAdded, ABU: 0
2026-01-19 14:29:40.510: [INFO] BookmarkNodeAdded, ABU: 0
2026-01-19 14:29:40.510: [INFO] BookmarkNodeAdded, ABU: 0
2026-01-19 14:29:40.510: [INFO] BookmarkNodeAdded, ABU: 0
2026-01-19 14:29:40.511: [INFO] BookmarkNodeAdded, ABU: 0
2026-01-19 14:29:40.511: [INFO] BookmarkNodeAdded, ABU: 0
2026-01-19 14:29:40.511: [INFO] BookmarkNodeAdded, ABU: 0
2026-01-19 14:29:40.511: [INFO] BookmarkNodeAdded, ABU: 0
2026-01-19 14:29:40.511: [INFO] BookmarkNodeAdded, ABU: 0
2026-01-19 14:29:40.511: [INFO] BookmarkNodeAdded, ABU: 0
2026-01-19 14:29:40.511: [INFO] BookmarkNodeAdded, ABU: 0
2026-01-19 14:29:40.511: [INFO] BookmarkNodeAdded, ABU: 0
2026-01-19 14:29:40.511: [INFO] BookmarkNodeAdded, ABU: 0
2026-01-19 14:29:40.511: [INFO] BookmarkNodeAdded, ABU: 0
2026-01-19 14:29:40.511: [INFO] BookmarkNodeAdded, ABU: 0
2026-01-19 14:29:40.511: [INFO] BookmarkNodeAdded, ABU: 0
2026-01-19 14:29:40.512: [INFO] BookmarkNodeAdded, ABU: 0
2026-01-19 14:29:40.512: [INFO] BookmarkNodeAdded, ABU: 0
2026-01-19 14:29:40.512: [INFO] BookmarkNodeAdded, ABU: 0
2026-01-19 14:29:40.512: [INFO] BookmarkNodeAdded, ABU: 0
2026-01-19 14:29:40.512: [INFO] BookmarkNodeAdded, ABU: 0
2026-01-19 14:29:40.512: [INFO] BookmarkNodeAdded, ABU: 0
2026-01-19 14:29:40.512: [INFO] BookmarkNodeAdded, ABU: 0
2026-01-19 14:29:40.512: [INFO] BookmarkNodeAdded, ABU: 0
2026-01-19 14:29:40.512: [INFO] BookmarkNodeAdded, ABU: 0
2026-01-19 14:29:40.512: [INFO] BookmarkNodeAdded, ABU: 0
2026-01-19 14:29:40.512: [INFO] BookmarkNodeAdded, ABU: 0
2026-01-19 14:29:40.512: [INFO] BookmarkNodeAdded, ABU: 0
2026-01-19 14:29:40.512: [INFO] BookmarkNodeAdded, ABU: 0
2026-01-19 14:29:40.513: [INFO] BookmarkNodeAdded, ABU: 0
2026-01-19 14:29:40.513: [INFO] BookmarkNodeAdded, ABU: 0
2026-01-19 14:29:40.513: [INFO] BookmarkNodeAdded, ABU: 0
2026-01-19 14:29:40.513: [INFO] BookmarkNodeAdded, ABU: 0
2026-01-19 14:29:40.513: [INFO] BookmarkNodeAdded, ABU: 0
2026-01-19 14:29:40.513: [INFO] BookmarkNodeAdded, ABU: 0
2026-01-19 14:29:40.513: [INFO] BookmarkNodeAdded, ABU: 0
2026-01-19 14:29:40.513: [INFO] BookmarkNodeAdded, ABU: 0
2026-01-19 14:29:40.513: [INFO] BookmarkNodeAdded, ABU: 0
2026-01-19 14:29:47.167: [INFO] BookmarkNodeAdded, ABU: 0
2026-01-19 14:29:47.167: [INFO] BookmarkNodeAdded, ABU: 0
2026-01-19 14:29:47.167: [INFO] BookmarkNodeAdded, ABU: 0
2026-01-19 14:29:47.167: [INFO] BookmarkNodeAdded, ABU: 0
2026-01-19 14:29:47.167: [INFO] BookmarkNodeAdded, ABU: 0
2026-01-19 14:29:47.167: [INFO] BookmarkNodeAdded, ABU: 0
2026-01-19 14:30:08.941: [INFO] OnDoneLoading sync enabled: 1
2026-01-19 14:30:09.045: [INFO] VisibilityChanged: 0
