{"logTime": "0119/142955", "correlationVector":"J6DIYTC6pChmSdQmv/hVfO.4","action":"GetUpdates Response", "result":"Success", "context":Received 250 update(s). cV=J6DIYTC6pChmSdQmv/hVfO.0;server=akswtt109000002;cloudType=Consumer;environment=Prod_southeastasia_prod-s01-065-apac-southeastasia;migrationStage=NotStarted Some updates remain.}
{"logTime": "0119/142955", "correlationVector":"/TW5y8oq+AaLn19O+/fVAI","action":"Initial GetUpdates", "result":"", "context":Reason: RECONFIGURATION. cV=/TW5y8oq+AaLn19O+/fVAI}
{"logTime": "0119/142957", "correlationVector":"/TW5y8oq+AaLn19O+/fVAI.1","action":"SyncServerConnectionManagerRequest", "result":"SYNC_SERVER_OK", "context":{"environment":"Prod_southeastasia_prod-s01-065-apac-southeastasia", "migrationStage":"NotStarted", "server":"akswtt10900000n"}}
{"logTime": "0119/142957", "correlationVector":"/TW5y8oq+AaLn19O+/fVAI.2","action":"ProcessGetUpdates", "result":"Done", "context":{"dataType":"Sessions", "deleted":"250", "process_failed_to_decrypt":"0", "process_pending_decryption":"0", "process_success":"250", "total":"250"}}
{"logTime": "0119/142957", "correlationVector":"/TW5y8oq+AaLn19O+/fVAI.3","action":"GetUpdates Response", "result":"Success", "context":Received 250 update(s). cV=/TW5y8oq+AaLn19O+/fVAI.0;server=akswtt10900000n;cloudType=Consumer;environment=Prod_southeastasia_prod-s01-065-apac-southeastasia;migrationStage=NotStarted Some updates remain.}
{"logTime": "0119/142957", "correlationVector":"AZZzPG0FtcF8UrOQ9RkelK","action":"Initial GetUpdates", "result":"", "context":Reason: RECONFIGURATION. cV=AZZzPG0FtcF8UrOQ9RkelK}
{"logTime": "0119/142958", "correlationVector":"AZZzPG0FtcF8UrOQ9RkelK.1","action":"SyncServerConnectionManagerRequest", "result":"SYNC_SERVER_OK", "context":{"environment":"Prod_southeastasia_prod-s01-065-apac-southeastasia", "migrationStage":"NotStarted", "server":"akswtt109000002"}}
{"logTime": "0119/142958", "correlationVector":"AZZzPG0FtcF8UrOQ9RkelK.2","action":"ProcessGetUpdates", "result":"Done", "context":{"dataType":"Autofill Profiles", "deleted":"1", "process_failed_to_decrypt":"0", "process_pending_decryption":"0", "process_success":"1", "total":"1"}}
{"logTime": "0119/142958", "correlationVector":"AZZzPG0FtcF8UrOQ9RkelK.3","action":"ProcessGetUpdates", "result":"Done", "context":{"dataType":"Extensions", "deleted":"1", "process_failed_to_decrypt":"0", "process_pending_decryption":"0", "process_success":"1", "total":"1"}}
{"logTime": "0119/142958", "correlationVector":"AZZzPG0FtcF8UrOQ9RkelK.4","action":"ProcessGetUpdates", "result":"Done", "context":{"dataType":"Sessions", "deleted":"248", "process_failed_to_decrypt":"0", "process_pending_decryption":"0", "process_success":"248", "total":"248"}}
{"logTime": "0119/142958", "correlationVector":"AZZzPG0FtcF8UrOQ9RkelK.5","action":"GetUpdates Response", "result":"Success", "context":Received 250 update(s). cV=AZZzPG0FtcF8UrOQ9RkelK.0;server=akswtt109000002;cloudType=Consumer;environment=Prod_southeastasia_prod-s01-065-apac-southeastasia;migrationStage=NotStarted Some updates remain.}
{"logTime": "0119/142958", "correlationVector":"ZKHSMfipLV3gft9DMzQESL","action":"Initial GetUpdates", "result":"", "context":Reason: RECONFIGURATION. cV=ZKHSMfipLV3gft9DMzQESL}
{"logTime": "0119/143000", "correlationVector":"ZKHSMfipLV3gft9DMzQESL.1","action":"SyncServerConnectionManagerRequest", "result":"SYNC_SERVER_OK", "context":{"environment":"Prod_southeastasia_prod-s01-065-apac-southeastasia", "migrationStage":"NotStarted", "server":"akswtt10900000k"}}
{"logTime": "0119/143000", "correlationVector":"ZKHSMfipLV3gft9DMzQESL.2","action":"ProcessGetUpdates", "result":"Done", "context":{"dataType":"Sessions", "deleted":"250", "process_failed_to_decrypt":"0", "process_pending_decryption":"0", "process_success":"250", "total":"250"}}
{"logTime": "0119/143000", "correlationVector":"ZKHSMfipLV3gft9DMzQESL.3","action":"GetUpdates Response", "result":"Success", "context":Received 250 update(s). cV=ZKHSMfipLV3gft9DMzQESL.0;server=akswtt10900000k;cloudType=Consumer;environment=Prod_southeastasia_prod-s01-065-apac-southeastasia;migrationStage=NotStarted Some updates remain.}
{"logTime": "0119/143000", "correlationVector":"zHnsXm/J64GQ/bVrAaQai3","action":"Initial GetUpdates", "result":"", "context":Reason: RECONFIGURATION. cV=zHnsXm/J64GQ/bVrAaQai3}
{"logTime": "0119/143001", "correlationVector":"zHnsXm/J64GQ/bVrAaQai3.1","action":"SyncServerConnectionManagerRequest", "result":"SYNC_SERVER_OK", "context":{"environment":"Prod_southeastasia_prod-s01-065-apac-southeastasia", "migrationStage":"NotStarted", "server":"akswtt10900000l"}}
{"logTime": "0119/143001", "correlationVector":"zHnsXm/J64GQ/bVrAaQai3.2","action":"ProcessGetUpdates", "result":"Done", "context":{"dataType":"Sessions", "deleted":"250", "process_failed_to_decrypt":"0", "process_pending_decryption":"0", "process_success":"250", "total":"250"}}
{"logTime": "0119/143001", "correlationVector":"zHnsXm/J64GQ/bVrAaQai3.3","action":"GetUpdates Response", "result":"Success", "context":Received 250 update(s). cV=zHnsXm/J64GQ/bVrAaQai3.0;server=akswtt10900000l;cloudType=Consumer;environment=Prod_southeastasia_prod-s01-065-apac-southeastasia;migrationStage=NotStarted Some updates remain.}
{"logTime": "0119/143001", "correlationVector":"VJ0/EJgmYhY+3CE74lbLcM","action":"Initial GetUpdates", "result":"", "context":Reason: RECONFIGURATION. cV=VJ0/EJgmYhY+3CE74lbLcM}
{"logTime": "0119/143002", "correlationVector":"VJ0/EJgmYhY+3CE74lbLcM.1","action":"SyncServerConnectionManagerRequest", "result":"SYNC_SERVER_OK", "context":{"environment":"Prod_southeastasia_prod-s01-065-apac-southeastasia", "migrationStage":"NotStarted", "server":"akswtt10900000n"}}
{"logTime": "0119/143002", "correlationVector":"VJ0/EJgmYhY+3CE74lbLcM.2","action":"ProcessGetUpdates", "result":"Done", "context":{"dataType":"Sessions", "deleted":"250", "process_failed_to_decrypt":"0", "process_pending_decryption":"0", "process_success":"250", "total":"250"}}
{"logTime": "0119/143002", "correlationVector":"VJ0/EJgmYhY+3CE74lbLcM.3","action":"GetUpdates Response", "result":"Success", "context":Received 250 update(s). cV=VJ0/EJgmYhY+3CE74lbLcM.0;server=akswtt10900000n;cloudType=Consumer;environment=Prod_southeastasia_prod-s01-065-apac-southeastasia;migrationStage=NotStarted Some updates remain.}
{"logTime": "0119/143002", "correlationVector":"U2Am/LWEE8dJr0oOT9vSTz","action":"Initial GetUpdates", "result":"", "context":Reason: RECONFIGURATION. cV=U2Am/LWEE8dJr0oOT9vSTz}
{"logTime": "0119/143003", "correlationVector":"U2Am/LWEE8dJr0oOT9vSTz.1","action":"SyncServerConnectionManagerRequest", "result":"SYNC_SERVER_OK", "context":{"environment":"Prod_southeastasia_prod-s01-065-apac-southeastasia", "migrationStage":"NotStarted", "server":"akswtt109000004"}}
{"logTime": "0119/143003", "correlationVector":"U2Am/LWEE8dJr0oOT9vSTz.2","action":"ProcessGetUpdates", "result":"Done", "context":{"dataType":"Sessions", "deleted":"250", "process_failed_to_decrypt":"0", "process_pending_decryption":"0", "process_success":"250", "total":"250"}}
{"logTime": "0119/143003", "correlationVector":"U2Am/LWEE8dJr0oOT9vSTz.3","action":"GetUpdates Response", "result":"Success", "context":Received 250 update(s). cV=U2Am/LWEE8dJr0oOT9vSTz.0;server=akswtt109000004;cloudType=Consumer;environment=Prod_southeastasia_prod-s01-065-apac-southeastasia;migrationStage=NotStarted Some updates remain.}
{"logTime": "0119/143003", "correlationVector":"9kZf5DOHCmvFxjYC5wyUs4","action":"Initial GetUpdates", "result":"", "context":Reason: RECONFIGURATION. cV=9kZf5DOHCmvFxjYC5wyUs4}
{"logTime": "0119/143005", "correlationVector":"9kZf5DOHCmvFxjYC5wyUs4.1","action":"SyncServerConnectionManagerRequest", "result":"SYNC_SERVER_OK", "context":{"environment":"Prod_southeastasia_prod-s01-065-apac-southeastasia", "migrationStage":"NotStarted", "server":"akswtt10900000g"}}
{"logTime": "0119/143005", "correlationVector":"9kZf5DOHCmvFxjYC5wyUs4.2","action":"ProcessGetUpdates", "result":"Done", "context":{"dataType":"Sessions", "deleted":"250", "process_failed_to_decrypt":"0", "process_pending_decryption":"0", "process_success":"250", "total":"250"}}
{"logTime": "0119/143005", "correlationVector":"9kZf5DOHCmvFxjYC5wyUs4.3","action":"GetUpdates Response", "result":"Success", "context":Received 250 update(s). cV=9kZf5DOHCmvFxjYC5wyUs4.0;server=akswtt10900000g;cloudType=Consumer;environment=Prod_southeastasia_prod-s01-065-apac-southeastasia;migrationStage=NotStarted Some updates remain.}
{"logTime": "0119/143005", "correlationVector":"lBKbvtDb3XGomoUUVyPtzG","action":"Initial GetUpdates", "result":"", "context":Reason: RECONFIGURATION. cV=lBKbvtDb3XGomoUUVyPtzG}
{"logTime": "0119/143006", "correlationVector":"lBKbvtDb3XGomoUUVyPtzG","action":"SyncServerConnectionManagerRequest", "result":"CONNECTION_UNAVAILABLE", "context":{"error_type":"net_error_code", "error_value":"-3"}}
{"logTime": "0119/143009", "correlationVector":"+QQT80Qa4AKPuySWgHWRkx","action":"Initial GetUpdates", "result":"", "context":Reason: NEWLY_SUPPORTED_DATATYPE. cV=+QQT80Qa4AKPuySWgHWRkx}
{"logTime": "0119/143011", "correlationVector":"+QQT80Qa4AKPuySWgHWRkx.1","action":"SyncServerConnectionManagerRequest", "result":"SYNC_SERVER_OK", "context":{"environment":"Prod_southeastasia_prod-s01-065-apac-southeastasia", "migrationStage":"NotStarted", "server":"akswtt10900000t"}}
{"logTime": "0119/143011", "correlationVector":"+QQT80Qa4AKPuySWgHWRkx.2","action":"ProcessGetUpdates", "result":"Done", "context":{"dataType":"Autofill", "deleted":"0", "process_failed_to_decrypt":"0", "process_pending_decryption":"0", "process_success":"1", "total":"1"}}
{"logTime": "0119/143011", "correlationVector":"+QQT80Qa4AKPuySWgHWRkx.3","action":"ProcessGetUpdates", "result":"Done", "context":{"dataType":"Extensions", "deleted":"0", "process_failed_to_decrypt":"0", "process_pending_decryption":"0", "process_success":"7", "total":"7"}}
{"logTime": "0119/143011", "correlationVector":"+QQT80Qa4AKPuySWgHWRkx.4","action":"ProcessGetUpdates", "result":"Done", "context":{"dataType":"Extension settings", "deleted":"0", "process_failed_to_decrypt":"0", "process_pending_decryption":"0", "process_success":"38", "total":"38"}}
{"logTime": "0119/143011", "correlationVector":"+QQT80Qa4AKPuySWgHWRkx.5","action":"ProcessGetUpdates", "result":"Done", "context":{"dataType":"Web Apps", "deleted":"0", "process_failed_to_decrypt":"0", "process_pending_decryption":"0", "process_success":"3", "total":"3"}}
{"logTime": "0119/143011", "correlationVector":"+QQT80Qa4AKPuySWgHWRkx.6","action":"ProcessGetUpdates", "result":"Done", "context":{"dataType":"Saved Tab Group", "deleted":"175", "process_failed_to_decrypt":"0", "process_pending_decryption":"0", "process_success":"195", "total":"195"}}
{"logTime": "0119/143011", "correlationVector":"+QQT80Qa4AKPuySWgHWRkx.7","action":"ProcessGetUpdates", "result":"Done", "context":{"dataType":"Collection", "deleted":"0", "process_failed_to_decrypt":"0", "process_pending_decryption":"0", "process_success":"6", "total":"6"}}
{"logTime": "0119/143011", "correlationVector":"+QQT80Qa4AKPuySWgHWRkx.8","action":"GetUpdates Response", "result":"Success", "context":Received 250 update(s). cV=+QQT80Qa4AKPuySWgHWRkx.0;server=akswtt10900000t;cloudType=Consumer;environment=Prod_southeastasia_prod-s01-065-apac-southeastasia;migrationStage=NotStarted Some updates remain.}
{"logTime": "0119/143011", "correlationVector":"+nrHEdM1Gr9mqWcqSE0Adj","action":"Initial GetUpdates", "result":"", "context":Reason: NEWLY_SUPPORTED_DATATYPE. cV=+nrHEdM1Gr9mqWcqSE0Adj}
{"logTime": "0119/143012", "correlationVector":"+nrHEdM1Gr9mqWcqSE0Adj.1","action":"SyncServerConnectionManagerRequest", "result":"SYNC_SERVER_OK", "context":{"environment":"Prod_southeastasia_prod-s01-065-apac-southeastasia", "migrationStage":"NotStarted", "server":"akswtt10900000o"}}
{"logTime": "0119/143012", "correlationVector":"+nrHEdM1Gr9mqWcqSE0Adj.2","action":"ProcessGetUpdates", "result":"Done", "context":{"dataType":"Extensions", "deleted":"0", "process_failed_to_decrypt":"0", "process_pending_decryption":"0", "process_success":"2", "total":"2"}}
{"logTime": "0119/143012", "correlationVector":"+nrHEdM1Gr9mqWcqSE0Adj.3","action":"ProcessGetUpdates", "result":"Done", "context":{"dataType":"Sessions", "deleted":"202", "process_failed_to_decrypt":"0", "process_pending_decryption":"0", "process_success":"202", "total":"202"}}
{"logTime": "0119/143012", "correlationVector":"+nrHEdM1Gr9mqWcqSE0Adj.4","action":"ProcessGetUpdates", "result":"Done", "context":{"dataType":"Saved Tab Group", "deleted":"41", "process_failed_to_decrypt":"0", "process_pending_decryption":"0", "process_success":"46", "total":"46"}}
{"logTime": "0119/143012", "correlationVector":"+nrHEdM1Gr9mqWcqSE0Adj.5","action":"GetUpdates Response", "result":"Success", "context":Received 250 update(s). cV=+nrHEdM1Gr9mqWcqSE0Adj.0;server=akswtt10900000o;cloudType=Consumer;environment=Prod_southeastasia_prod-s01-065-apac-southeastasia;migrationStage=NotStarted Some updates remain.}
{"logTime": "0119/143012", "correlationVector":"ZIHVp3mL6NHbrE8eQVjonD","action":"Initial GetUpdates", "result":"", "context":Reason: NEWLY_SUPPORTED_DATATYPE. cV=ZIHVp3mL6NHbrE8eQVjonD}
{"logTime": "0119/143014", "correlationVector":"ZIHVp3mL6NHbrE8eQVjonD.1","action":"SyncServerConnectionManagerRequest", "result":"SYNC_SERVER_OK", "context":{"environment":"Prod_southeastasia_prod-s01-065-apac-southeastasia", "migrationStage":"NotStarted", "server":"akswtt109000003"}}
{"logTime": "0119/143014", "correlationVector":"ZIHVp3mL6NHbrE8eQVjonD.2","action":"ProcessGetUpdates", "result":"Done", "context":{"dataType":"Sessions", "deleted":"249", "process_failed_to_decrypt":"0", "process_pending_decryption":"0", "process_success":"249", "total":"249"}}
{"logTime": "0119/143014", "correlationVector":"ZIHVp3mL6NHbrE8eQVjonD.3","action":"ProcessGetUpdates", "result":"Done", "context":{"dataType":"Extension settings", "deleted":"0", "process_failed_to_decrypt":"0", "process_pending_decryption":"0", "process_success":"1", "total":"1"}}
{"logTime": "0119/143014", "correlationVector":"ZIHVp3mL6NHbrE8eQVjonD.4","action":"GetUpdates Response", "result":"Success", "context":Received 250 update(s). cV=ZIHVp3mL6NHbrE8eQVjonD.0;server=akswtt109000003;cloudType=Consumer;environment=Prod_southeastasia_prod-s01-065-apac-southeastasia;migrationStage=NotStarted Some updates remain.}
{"logTime": "0119/143014", "correlationVector":"+yVyxYpdAu/nRP93aeKt+v","action":"Initial GetUpdates", "result":"", "context":Reason: NEWLY_SUPPORTED_DATATYPE. cV=+yVyxYpdAu/nRP93aeKt+v}
{"logTime": "0119/143015", "correlationVector":"+yVyxYpdAu/nRP93aeKt+v.1","action":"SyncServerConnectionManagerRequest", "result":"SYNC_SERVER_OK", "context":{"environment":"Prod_southeastasia_prod-s01-065-apac-southeastasia", "migrationStage":"NotStarted", "server":"akswtt10900000j"}}
{"logTime": "0119/143015", "correlationVector":"+yVyxYpdAu/nRP93aeKt+v.2","action":"ProcessGetUpdates", "result":"Done", "context":{"dataType":"Extensions", "deleted":"0", "process_failed_to_decrypt":"0", "process_pending_decryption":"0", "process_success":"1", "total":"1"}}
{"logTime": "0119/143015", "correlationVector":"+yVyxYpdAu/nRP93aeKt+v.3","action":"ProcessGetUpdates", "result":"Done", "context":{"dataType":"Sessions", "deleted":"249", "process_failed_to_decrypt":"0", "process_pending_decryption":"0", "process_success":"249", "total":"249"}}
{"logTime": "0119/143015", "correlationVector":"+yVyxYpdAu/nRP93aeKt+v.4","action":"GetUpdates Response", "result":"Success", "context":Received 250 update(s). cV=+yVyxYpdAu/nRP93aeKt+v.0;server=akswtt10900000j;cloudType=Consumer;environment=Prod_southeastasia_prod-s01-065-apac-southeastasia;migrationStage=NotStarted Some updates remain.}
{"logTime": "0119/143015", "correlationVector":"JlZrDxW8ccumgpYtuD/LGU","action":"Initial GetUpdates", "result":"", "context":Reason: NEWLY_SUPPORTED_DATATYPE. cV=JlZrDxW8ccumgpYtuD/LGU}
{"logTime": "0119/143017", "correlationVector":"JlZrDxW8ccumgpYtuD/LGU.1","action":"SyncServerConnectionManagerRequest", "result":"SYNC_SERVER_OK", "context":{"environment":"Prod_southeastasia_prod-s01-065-apac-southeastasia", "migrationStage":"NotStarted", "server":"akswtt109000002"}}
{"logTime": "0119/143017", "correlationVector":"JlZrDxW8ccumgpYtuD/LGU.2","action":"ProcessGetUpdates", "result":"Done", "context":{"dataType":"Sessions", "deleted":"250", "process_failed_to_decrypt":"0", "process_pending_decryption":"0", "process_success":"250", "total":"250"}}
{"logTime": "0119/143017", "correlationVector":"JlZrDxW8ccumgpYtuD/LGU.3","action":"GetUpdates Response", "result":"Success", "context":Received 250 update(s). cV=JlZrDxW8ccumgpYtuD/LGU.0;server=akswtt109000002;cloudType=Consumer;environment=Prod_southeastasia_prod-s01-065-apac-southeastasia;migrationStage=NotStarted Some updates remain.}
{"logTime": "0119/143017", "correlationVector":"i8+hio8ZGNwi+Y0XcklTwX","action":"Initial GetUpdates", "result":"", "context":Reason: NEWLY_SUPPORTED_DATATYPE. cV=i8+hio8ZGNwi+Y0XcklTwX}
{"logTime": "0119/143018", "correlationVector":"i8+hio8ZGNwi+Y0XcklTwX.1","action":"SyncServerConnectionManagerRequest", "result":"SYNC_SERVER_OK", "context":{"environment":"Prod_southeastasia_prod-s01-065-apac-southeastasia", "migrationStage":"NotStarted", "server":"akswtt109000006"}}
{"logTime": "0119/143018", "correlationVector":"i8+hio8ZGNwi+Y0XcklTwX.2","action":"ProcessGetUpdates", "result":"Done", "context":{"dataType":"Sessions", "deleted":"248", "process_failed_to_decrypt":"0", "process_pending_decryption":"0", "process_success":"248", "total":"248"}}
{"logTime": "0119/143018", "correlationVector":"i8+hio8ZGNwi+Y0XcklTwX.3","action":"ProcessGetUpdates", "result":"Done", "context":{"dataType":"Edge Hub App Usage", "deleted":"1", "process_failed_to_decrypt":"0", "process_pending_decryption":"0", "process_success":"2", "total":"2"}}
{"logTime": "0119/143018", "correlationVector":"i8+hio8ZGNwi+Y0XcklTwX.4","action":"GetUpdates Response", "result":"Success", "context":Received 250 update(s). cV=i8+hio8ZGNwi+Y0XcklTwX.0;server=akswtt109000006;cloudType=Consumer;environment=Prod_southeastasia_prod-s01-065-apac-southeastasia;migrationStage=NotStarted Some updates remain.}
{"logTime": "0119/143018", "correlationVector":"zh1L7whWC3TbNGkmvQYuie","action":"Initial GetUpdates", "result":"", "context":Reason: NEWLY_SUPPORTED_DATATYPE. cV=zh1L7whWC3TbNGkmvQYuie}
{"logTime": "0119/143019", "correlationVector":"zh1L7whWC3TbNGkmvQYuie.1","action":"SyncServerConnectionManagerRequest", "result":"SYNC_SERVER_OK", "context":{"environment":"Prod_southeastasia_prod-s01-065-apac-southeastasia", "migrationStage":"NotStarted", "server":"akswtt10900000i"}}
{"logTime": "0119/143019", "correlationVector":"zh1L7whWC3TbNGkmvQYuie.2","action":"ProcessGetUpdates", "result":"Done", "context":{"dataType":"Sessions", "deleted":"250", "process_failed_to_decrypt":"0", "process_pending_decryption":"0", "process_success":"250", "total":"250"}}
{"logTime": "0119/143019", "correlationVector":"zh1L7whWC3TbNGkmvQYuie.3","action":"GetUpdates Response", "result":"Success", "context":Received 250 update(s). cV=zh1L7whWC3TbNGkmvQYuie.0;server=akswtt10900000i;cloudType=Consumer;environment=Prod_southeastasia_prod-s01-065-apac-southeastasia;migrationStage=NotStarted Some updates remain.}
{"logTime": "0119/143019", "correlationVector":"pky+Cojt3b2ktqqMcxohPf","action":"Initial GetUpdates", "result":"", "context":Reason: NEWLY_SUPPORTED_DATATYPE. cV=pky+Cojt3b2ktqqMcxohPf}
{"logTime": "0119/143021", "correlationVector":"pky+Cojt3b2ktqqMcxohPf.1","action":"SyncServerConnectionManagerRequest", "result":"SYNC_SERVER_OK", "context":{"environment":"Prod_southeastasia_prod-s01-065-apac-southeastasia", "migrationStage":"NotStarted", "server":"akswtt10900000b"}}
{"logTime": "0119/143021", "correlationVector":"pky+Cojt3b2ktqqMcxohPf.2","action":"ProcessGetUpdates", "result":"Done", "context":{"dataType":"Extensions", "deleted":"1", "process_failed_to_decrypt":"0", "process_pending_decryption":"0", "process_success":"1", "total":"1"}}
{"logTime": "0119/143021", "correlationVector":"pky+Cojt3b2ktqqMcxohPf.3","action":"ProcessGetUpdates", "result":"Done", "context":{"dataType":"Sessions", "deleted":"244", "process_failed_to_decrypt":"0", "process_pending_decryption":"0", "process_success":"244", "total":"244"}}
{"logTime": "0119/143021", "correlationVector":"pky+Cojt3b2ktqqMcxohPf.4","action":"ProcessGetUpdates", "result":"Done", "context":{"dataType":"Extension settings", "deleted":"1", "process_failed_to_decrypt":"0", "process_pending_decryption":"0", "process_success":"1", "total":"1"}}
{"logTime": "0119/143021", "correlationVector":"pky+Cojt3b2ktqqMcxohPf.5","action":"ProcessGetUpdates", "result":"Done", "context":{"dataType":"Web Apps", "deleted":"0", "process_failed_to_decrypt":"0", "process_pending_decryption":"0", "process_success":"1", "total":"1"}}
{"logTime": "0119/143021", "correlationVector":"pky+Cojt3b2ktqqMcxohPf.6","action":"ProcessGetUpdates", "result":"Done", "context":{"dataType":"Saved Tab Group", "deleted":"1", "process_failed_to_decrypt":"0", "process_pending_decryption":"0", "process_success":"3", "total":"3"}}
{"logTime": "0119/143021", "correlationVector":"pky+Cojt3b2ktqqMcxohPf.7","action":"GetUpdates Response", "result":"Success", "context":Received 250 update(s). cV=pky+Cojt3b2ktqqMcxohPf.0;server=akswtt10900000b;cloudType=Consumer;environment=Prod_southeastasia_prod-s01-065-apac-southeastasia;migrationStage=NotStarted Some updates remain.}
{"logTime": "0119/143021", "correlationVector":"/YPdRoicPhYIAAEXkOujrs","action":"Initial GetUpdates", "result":"", "context":Reason: NEWLY_SUPPORTED_DATATYPE. cV=/YPdRoicPhYIAAEXkOujrs}
{"logTime": "0119/143022", "correlationVector":"/YPdRoicPhYIAAEXkOujrs.1","action":"SyncServerConnectionManagerRequest", "result":"SYNC_SERVER_OK", "context":{"environment":"Prod_southeastasia_prod-s01-065-apac-southeastasia", "migrationStage":"NotStarted", "server":"akswtt10900000j"}}
{"logTime": "0119/143022", "correlationVector":"/YPdRoicPhYIAAEXkOujrs.2","action":"ProcessGetUpdates", "result":"Done", "context":{"dataType":"Sessions", "deleted":"250", "process_failed_to_decrypt":"0", "process_pending_decryption":"0", "process_success":"250", "total":"250"}}
{"logTime": "0119/143022", "correlationVector":"/YPdRoicPhYIAAEXkOujrs.3","action":"GetUpdates Response", "result":"Success", "context":Received 250 update(s). cV=/YPdRoicPhYIAAEXkOujrs.0;server=akswtt10900000j;cloudType=Consumer;environment=Prod_southeastasia_prod-s01-065-apac-southeastasia;migrationStage=NotStarted Some updates remain.}
{"logTime": "0119/143022", "correlationVector":"RejeEDrq9PZiA+pFgKv7Ob","action":"Initial GetUpdates", "result":"", "context":Reason: NEWLY_SUPPORTED_DATATYPE. cV=RejeEDrq9PZiA+pFgKv7Ob}
{"logTime": "0119/143023", "correlationVector":"RejeEDrq9PZiA+pFgKv7Ob.1","action":"SyncServerConnectionManagerRequest", "result":"SYNC_SERVER_OK", "context":{"environment":"Prod_southeastasia_prod-s01-065-apac-southeastasia", "migrationStage":"NotStarted", "server":"akswtt10900000e"}}
{"logTime": "0119/143023", "correlationVector":"RejeEDrq9PZiA+pFgKv7Ob.2","action":"ProcessGetUpdates", "result":"Done", "context":{"dataType":"Sessions", "deleted":"234", "process_failed_to_decrypt":"0", "process_pending_decryption":"0", "process_success":"234", "total":"234"}}
{"logTime": "0119/143023", "correlationVector":"RejeEDrq9PZiA+pFgKv7Ob.3","action":"ProcessGetUpdates", "result":"Done", "context":{"dataType":"Saved Tab Group", "deleted":"16", "process_failed_to_decrypt":"0", "process_pending_decryption":"0", "process_success":"16", "total":"16"}}
{"logTime": "0119/143023", "correlationVector":"RejeEDrq9PZiA+pFgKv7Ob.4","action":"GetUpdates Response", "result":"Success", "context":Received 250 update(s). cV=RejeEDrq9PZiA+pFgKv7Ob.0;server=akswtt10900000e;cloudType=Consumer;environment=Prod_southeastasia_prod-s01-065-apac-southeastasia;migrationStage=NotStarted Some updates remain.}
{"logTime": "0119/143023", "correlationVector":"aKRiQpl7NMsXFUJsOxcKDf","action":"Initial GetUpdates", "result":"", "context":Reason: NEWLY_SUPPORTED_DATATYPE. cV=aKRiQpl7NMsXFUJsOxcKDf}
{"logTime": "0119/143024", "correlationVector":"aKRiQpl7NMsXFUJsOxcKDf.1","action":"SyncServerConnectionManagerRequest", "result":"SYNC_SERVER_OK", "context":{"environment":"Prod_southeastasia_prod-s01-065-apac-southeastasia", "migrationStage":"NotStarted", "server":"akswtt10900000j"}}
{"logTime": "0119/143024", "correlationVector":"aKRiQpl7NMsXFUJsOxcKDf.2","action":"ProcessGetUpdates", "result":"Done", "context":{"dataType":"Sessions", "deleted":"249", "process_failed_to_decrypt":"0", "process_pending_decryption":"0", "process_success":"249", "total":"249"}}
{"logTime": "0119/143024", "correlationVector":"aKRiQpl7NMsXFUJsOxcKDf.3","action":"ProcessGetUpdates", "result":"Done", "context":{"dataType":"Web Apps", "deleted":"0", "process_failed_to_decrypt":"0", "process_pending_decryption":"0", "process_success":"1", "total":"1"}}
{"logTime": "0119/143024", "correlationVector":"aKRiQpl7NMsXFUJsOxcKDf.4","action":"GetUpdates Response", "result":"Success", "context":Received 250 update(s). cV=aKRiQpl7NMsXFUJsOxcKDf.0;server=akswtt10900000j;cloudType=Consumer;environment=Prod_southeastasia_prod-s01-065-apac-southeastasia;migrationStage=NotStarted Some updates remain.}
{"logTime": "0119/143024", "correlationVector":"gycejYDNbT7NisgSDGWEGn","action":"Initial GetUpdates", "result":"", "context":Reason: NEWLY_SUPPORTED_DATATYPE. cV=gycejYDNbT7NisgSDGWEGn}
{"logTime": "0119/143026", "correlationVector":"gycejYDNbT7NisgSDGWEGn.1","action":"SyncServerConnectionManagerRequest", "result":"SYNC_SERVER_OK", "context":{"environment":"Prod_southeastasia_prod-s01-065-apac-southeastasia", "migrationStage":"NotStarted", "server":"akswtt109000002"}}
{"logTime": "0119/143026", "correlationVector":"gycejYDNbT7NisgSDGWEGn.2","action":"ProcessGetUpdates", "result":"Done", "context":{"dataType":"Sessions", "deleted":"250", "process_failed_to_decrypt":"0", "process_pending_decryption":"0", "process_success":"250", "total":"250"}}
{"logTime": "0119/143026", "correlationVector":"gycejYDNbT7NisgSDGWEGn.3","action":"GetUpdates Response", "result":"Success", "context":Received 250 update(s). cV=gycejYDNbT7NisgSDGWEGn.0;server=akswtt109000002;cloudType=Consumer;environment=Prod_southeastasia_prod-s01-065-apac-southeastasia;migrationStage=NotStarted Some updates remain.}
{"logTime": "0119/143026", "correlationVector":"7ecDN4xcQmhMWIUMSEWYdS","action":"Initial GetUpdates", "result":"", "context":Reason: NEWLY_SUPPORTED_DATATYPE. cV=7ecDN4xcQmhMWIUMSEWYdS}
{"logTime": "0119/143028", "correlationVector":"7ecDN4xcQmhMWIUMSEWYdS.1","action":"SyncServerConnectionManagerRequest", "result":"SYNC_SERVER_OK", "context":{"environment":"Prod_southeastasia_prod-s01-065-apac-southeastasia", "migrationStage":"NotStarted", "server":"akswtt10900000j"}}
{"logTime": "0119/143028", "correlationVector":"7ecDN4xcQmhMWIUMSEWYdS.2","action":"ProcessGetUpdates", "result":"Done", "context":{"dataType":"Autofill Profiles", "deleted":"1", "process_failed_to_decrypt":"0", "process_pending_decryption":"0", "process_success":"1", "total":"1"}}
{"logTime": "0119/143028", "correlationVector":"7ecDN4xcQmhMWIUMSEWYdS.3","action":"ProcessGetUpdates", "result":"Done", "context":{"dataType":"Extensions", "deleted":"1", "process_failed_to_decrypt":"0", "process_pending_decryption":"0", "process_success":"1", "total":"1"}}
{"logTime": "0119/143028", "correlationVector":"7ecDN4xcQmhMWIUMSEWYdS.4","action":"ProcessGetUpdates", "result":"Done", "context":{"dataType":"Sessions", "deleted":"248", "process_failed_to_decrypt":"0", "process_pending_decryption":"0", "process_success":"248", "total":"248"}}
{"logTime": "0119/143028", "correlationVector":"7ecDN4xcQmhMWIUMSEWYdS.5","action":"GetUpdates Response", "result":"Success", "context":Received 250 update(s). cV=7ecDN4xcQmhMWIUMSEWYdS.0;server=akswtt10900000j;cloudType=Consumer;environment=Prod_southeastasia_prod-s01-065-apac-southeastasia;migrationStage=NotStarted Some updates remain.}
{"logTime": "0119/143028", "correlationVector":"G2ZfVApcvkPL6XHX2YLofJ","action":"Initial GetUpdates", "result":"", "context":Reason: NEWLY_SUPPORTED_DATATYPE. cV=G2ZfVApcvkPL6XHX2YLofJ}
{"logTime": "0119/143033", "correlationVector":"G2ZfVApcvkPL6XHX2YLofJ.1","action":"SyncServerConnectionManagerRequest", "result":"SYNC_SERVER_OK", "context":{"environment":"Prod_southeastasia_prod-s01-065-apac-southeastasia", "migrationStage":"NotStarted", "server":"akswtt109000009"}}
{"logTime": "0119/143033", "correlationVector":"G2ZfVApcvkPL6XHX2YLofJ.2","action":"ProcessGetUpdates", "result":"Done", "context":{"dataType":"Sessions", "deleted":"250", "process_failed_to_decrypt":"0", "process_pending_decryption":"0", "process_success":"250", "total":"250"}}
{"logTime": "0119/143033", "correlationVector":"G2ZfVApcvkPL6XHX2YLofJ.3","action":"GetUpdates Response", "result":"Success", "context":Received 250 update(s). cV=G2ZfVApcvkPL6XHX2YLofJ.0;server=akswtt109000009;cloudType=Consumer;environment=Prod_southeastasia_prod-s01-065-apac-southeastasia;migrationStage=NotStarted Some updates remain.}
{"logTime": "0119/143033", "correlationVector":"bTEOOS7UTykhrDSJKb+PgC","action":"Initial GetUpdates", "result":"", "context":Reason: NEWLY_SUPPORTED_DATATYPE. cV=bTEOOS7UTykhrDSJKb+PgC}
{"logTime": "0119/143034", "correlationVector":"bTEOOS7UTykhrDSJKb+PgC.1","action":"SyncServerConnectionManagerRequest", "result":"SYNC_SERVER_OK", "context":{"environment":"Prod_southeastasia_prod-s01-065-apac-southeastasia", "migrationStage":"NotStarted", "server":"akswtt10900000p"}}
{"logTime": "0119/143034", "correlationVector":"bTEOOS7UTykhrDSJKb+PgC.2","action":"ProcessGetUpdates", "result":"Done", "context":{"dataType":"Sessions", "deleted":"250", "process_failed_to_decrypt":"0", "process_pending_decryption":"0", "process_success":"250", "total":"250"}}
{"logTime": "0119/143034", "correlationVector":"bTEOOS7UTykhrDSJKb+PgC.3","action":"GetUpdates Response", "result":"Success", "context":Received 250 update(s). cV=bTEOOS7UTykhrDSJKb+PgC.0;server=akswtt10900000p;cloudType=Consumer;environment=Prod_southeastasia_prod-s01-065-apac-southeastasia;migrationStage=NotStarted Some updates remain.}
{"logTime": "0119/143034", "correlationVector":"OCA/ShmKl9g14AmYWQsMq0","action":"Initial GetUpdates", "result":"", "context":Reason: NEWLY_SUPPORTED_DATATYPE. cV=OCA/ShmKl9g14AmYWQsMq0}
{"logTime": "0119/143035", "correlationVector":"OCA/ShmKl9g14AmYWQsMq0.1","action":"SyncServerConnectionManagerRequest", "result":"SYNC_SERVER_OK", "context":{"environment":"Prod_southeastasia_prod-s01-065-apac-southeastasia", "migrationStage":"NotStarted", "server":"akswtt10900000e"}}
{"logTime": "0119/143035", "correlationVector":"OCA/ShmKl9g14AmYWQsMq0.2","action":"ProcessGetUpdates", "result":"Done", "context":{"dataType":"Sessions", "deleted":"250", "process_failed_to_decrypt":"0", "process_pending_decryption":"0", "process_success":"250", "total":"250"}}
{"logTime": "0119/143035", "correlationVector":"OCA/ShmKl9g14AmYWQsMq0.3","action":"GetUpdates Response", "result":"Success", "context":Received 250 update(s). cV=OCA/ShmKl9g14AmYWQsMq0.0;server=akswtt10900000e;cloudType=Consumer;environment=Prod_southeastasia_prod-s01-065-apac-southeastasia;migrationStage=NotStarted Some updates remain.}
{"logTime": "0119/143035", "correlationVector":"LC5Y7FWJtQefXXvhvim+hp","action":"Initial GetUpdates", "result":"", "context":Reason: NEWLY_SUPPORTED_DATATYPE. cV=LC5Y7FWJtQefXXvhvim+hp}
{"logTime": "0119/143037", "correlationVector":"LC5Y7FWJtQefXXvhvim+hp.1","action":"SyncServerConnectionManagerRequest", "result":"SYNC_SERVER_OK", "context":{"environment":"Prod_southeastasia_prod-s01-065-apac-southeastasia", "migrationStage":"NotStarted", "server":"akswtt109000005"}}
{"logTime": "0119/143037", "correlationVector":"LC5Y7FWJtQefXXvhvim+hp.2","action":"ProcessGetUpdates", "result":"Done", "context":{"dataType":"Sessions", "deleted":"250", "process_failed_to_decrypt":"0", "process_pending_decryption":"0", "process_success":"250", "total":"250"}}
{"logTime": "0119/143037", "correlationVector":"LC5Y7FWJtQefXXvhvim+hp.3","action":"GetUpdates Response", "result":"Success", "context":Received 250 update(s). cV=LC5Y7FWJtQefXXvhvim+hp.0;server=akswtt109000005;cloudType=Consumer;environment=Prod_southeastasia_prod-s01-065-apac-southeastasia;migrationStage=NotStarted Some updates remain.}
{"logTime": "0119/143037", "correlationVector":"jPxASPbPoHCxQZXMCax/lC","action":"Initial GetUpdates", "result":"", "context":Reason: NEWLY_SUPPORTED_DATATYPE. cV=jPxASPbPoHCxQZXMCax/lC}
{"logTime": "0119/143037", "correlationVector":"jPxASPbPoHCxQZXMCax/lC.1","action":"SyncServerConnectionManagerRequest", "result":"SYNC_SERVER_OK", "context":{"environment":"Prod_southeastasia_prod-s01-065-apac-southeastasia", "migrationStage":"NotStarted", "server":"akswtt10900000p"}}
{"logTime": "0119/143037", "correlationVector":"jPxASPbPoHCxQZXMCax/lC.2","action":"ProcessGetUpdates", "result":"Done", "context":{"dataType":"Sessions", "deleted":"250", "process_failed_to_decrypt":"0", "process_pending_decryption":"0", "process_success":"250", "total":"250"}}
{"logTime": "0119/143037", "correlationVector":"jPxASPbPoHCxQZXMCax/lC.3","action":"GetUpdates Response", "result":"Success", "context":Received 250 update(s). cV=jPxASPbPoHCxQZXMCax/lC.0;server=akswtt10900000p;cloudType=Consumer;environment=Prod_southeastasia_prod-s01-065-apac-southeastasia;migrationStage=NotStarted Some updates remain.}
{"logTime": "0119/143037", "correlationVector":"+ZWD2jxny09SMtrEaA9r3E","action":"Initial GetUpdates", "result":"", "context":Reason: NEWLY_SUPPORTED_DATATYPE. cV=+ZWD2jxny09SMtrEaA9r3E}
{"logTime": "0119/143039", "correlationVector":"+ZWD2jxny09SMtrEaA9r3E.1","action":"SyncServerConnectionManagerRequest", "result":"SYNC_SERVER_OK", "context":{"environment":"Prod_southeastasia_prod-s01-065-apac-southeastasia", "migrationStage":"NotStarted", "server":"akswtt10900000a"}}
{"logTime": "0119/143039", "correlationVector":"+ZWD2jxny09SMtrEaA9r3E.2","action":"ProcessGetUpdates", "result":"Done", "context":{"dataType":"Autofill Profiles", "deleted":"1", "process_failed_to_decrypt":"0", "process_pending_decryption":"0", "process_success":"1", "total":"1"}}
{"logTime": "0119/143039", "correlationVector":"+ZWD2jxny09SMtrEaA9r3E.3","action":"ProcessGetUpdates", "result":"Done", "context":{"dataType":"Sessions", "deleted":"246", "process_failed_to_decrypt":"0", "process_pending_decryption":"0", "process_success":"246", "total":"246"}}
{"logTime": "0119/143039", "correlationVector":"+ZWD2jxny09SMtrEaA9r3E.4","action":"ProcessGetUpdates", "result":"Done", "context":{"dataType":"Saved Tab Group", "deleted":"0", "process_failed_to_decrypt":"0", "process_pending_decryption":"0", "process_success":"3", "total":"3"}}
{"logTime": "0119/143039", "correlationVector":"+ZWD2jxny09SMtrEaA9r3E.5","action":"GetUpdates Response", "result":"Success", "context":Received 250 update(s). cV=+ZWD2jxny09SMtrEaA9r3E.0;server=akswtt10900000a;cloudType=Consumer;environment=Prod_southeastasia_prod-s01-065-apac-southeastasia;migrationStage=NotStarted Some updates remain.}
{"logTime": "0119/143039", "correlationVector":"SYlky0XNmX/9zccu8VO496","action":"Initial GetUpdates", "result":"", "context":Reason: NEWLY_SUPPORTED_DATATYPE. cV=SYlky0XNmX/9zccu8VO496}
{"logTime": "0119/143041", "correlationVector":"SYlky0XNmX/9zccu8VO496.1","action":"SyncServerConnectionManagerRequest", "result":"SYNC_SERVER_OK", "context":{"environment":"Prod_southeastasia_prod-s01-065-apac-southeastasia", "migrationStage":"NotStarted", "server":"akswtt10900000i"}}
{"logTime": "0119/143041", "correlationVector":"SYlky0XNmX/9zccu8VO496.2","action":"ProcessGetUpdates", "result":"Done", "context":{"dataType":"Extensions", "deleted":"1", "process_failed_to_decrypt":"0", "process_pending_decryption":"0", "process_success":"1", "total":"1"}}
{"logTime": "0119/143041", "correlationVector":"SYlky0XNmX/9zccu8VO496.3","action":"ProcessGetUpdates", "result":"Done", "context":{"dataType":"Sessions", "deleted":"238", "process_failed_to_decrypt":"0", "process_pending_decryption":"0", "process_success":"238", "total":"238"}}
{"logTime": "0119/143041", "correlationVector":"SYlky0XNmX/9zccu8VO496.4","action":"ProcessGetUpdates", "result":"Done", "context":{"dataType":"Extension settings", "deleted":"11", "process_failed_to_decrypt":"0", "process_pending_decryption":"0", "process_success":"11", "total":"11"}}
{"logTime": "0119/143041", "correlationVector":"SYlky0XNmX/9zccu8VO496.5","action":"GetUpdates Response", "result":"Success", "context":Received 250 update(s). cV=SYlky0XNmX/9zccu8VO496.0;server=akswtt10900000i;cloudType=Consumer;environment=Prod_southeastasia_prod-s01-065-apac-southeastasia;migrationStage=NotStarted Some updates remain.}
{"logTime": "0119/143041", "correlationVector":"7YROpov6hhBarZQV/rS/v1","action":"Initial GetUpdates", "result":"", "context":Reason: NEWLY_SUPPORTED_DATATYPE. cV=7YROpov6hhBarZQV/rS/v1}
{"logTime": "0119/143043", "correlationVector":"7YROpov6hhBarZQV/rS/v1.1","action":"SyncServerConnectionManagerRequest", "result":"SYNC_SERVER_OK", "context":{"environment":"Prod_southeastasia_prod-s01-065-apac-southeastasia", "migrationStage":"NotStarted", "server":"akswtt10900000b"}}
{"logTime": "0119/143043", "correlationVector":"7YROpov6hhBarZQV/rS/v1.2","action":"ProcessGetUpdates", "result":"Done", "context":{"dataType":"Extensions", "deleted":"1", "process_failed_to_decrypt":"0", "process_pending_decryption":"0", "process_success":"1", "total":"1"}}
{"logTime": "0119/143043", "correlationVector":"7YROpov6hhBarZQV/rS/v1.3","action":"ProcessGetUpdates", "result":"Done", "context":{"dataType":"Sessions", "deleted":"202", "process_failed_to_decrypt":"0", "process_pending_decryption":"0", "process_success":"202", "total":"202"}}
{"logTime": "0119/143043", "correlationVector":"7YROpov6hhBarZQV/rS/v1.4","action":"ProcessGetUpdates", "result":"Done", "context":{"dataType":"Extension settings", "deleted":"47", "process_failed_to_decrypt":"0", "process_pending_decryption":"0", "process_success":"47", "total":"47"}}
{"logTime": "0119/143043", "correlationVector":"7YROpov6hhBarZQV/rS/v1.5","action":"GetUpdates Response", "result":"Success", "context":Received 250 update(s). cV=7YROpov6hhBarZQV/rS/v1.0;server=akswtt10900000b;cloudType=Consumer;environment=Prod_southeastasia_prod-s01-065-apac-southeastasia;migrationStage=NotStarted Some updates remain.}
{"logTime": "0119/143043", "correlationVector":"uC9Kt40sX7IDCeogWxtS29","action":"Initial GetUpdates", "result":"", "context":Reason: NEWLY_SUPPORTED_DATATYPE. cV=uC9Kt40sX7IDCeogWxtS29}
{"logTime": "0119/143044", "correlationVector":"uC9Kt40sX7IDCeogWxtS29.1","action":"SyncServerConnectionManagerRequest", "result":"SYNC_SERVER_OK", "context":{"environment":"Prod_southeastasia_prod-s01-065-apac-southeastasia", "migrationStage":"NotStarted", "server":"akswtt109000000"}}
{"logTime": "0119/143044", "correlationVector":"uC9Kt40sX7IDCeogWxtS29.2","action":"ProcessGetUpdates", "result":"Done", "context":{"dataType":"Autofill Profiles", "deleted":"1", "process_failed_to_decrypt":"0", "process_pending_decryption":"0", "process_success":"1", "total":"1"}}
{"logTime": "0119/143044", "correlationVector":"uC9Kt40sX7IDCeogWxtS29.3","action":"ProcessGetUpdates", "result":"Done", "context":{"dataType":"Extensions", "deleted":"0", "process_failed_to_decrypt":"0", "process_pending_decryption":"0", "process_success":"2", "total":"2"}}
{"logTime": "0119/143044", "correlationVector":"uC9Kt40sX7IDCeogWxtS29.4","action":"ProcessGetUpdates", "result":"Done", "context":{"dataType":"Sessions", "deleted":"244", "process_failed_to_decrypt":"0", "process_pending_decryption":"0", "process_success":"244", "total":"244"}}
{"logTime": "0119/143044", "correlationVector":"uC9Kt40sX7IDCeogWxtS29.5","action":"ProcessGetUpdates", "result":"Done", "context":{"dataType":"Saved Tab Group", "deleted":"0", "process_failed_to_decrypt":"0", "process_pending_decryption":"0", "process_success":"3", "total":"3"}}
{"logTime": "0119/143044", "correlationVector":"uC9Kt40sX7IDCeogWxtS29.6","action":"GetUpdates Response", "result":"Success", "context":Received 250 update(s). cV=uC9Kt40sX7IDCeogWxtS29.0;server=akswtt109000000;cloudType=Consumer;environment=Prod_southeastasia_prod-s01-065-apac-southeastasia;migrationStage=NotStarted Some updates remain.}
{"logTime": "0119/143044", "correlationVector":"LR3WwBwEK4HAh4lc1ElAe6","action":"Initial GetUpdates", "result":"", "context":Reason: NEWLY_SUPPORTED_DATATYPE. cV=LR3WwBwEK4HAh4lc1ElAe6}
{"logTime": "0119/143044", "correlationVector":"LR3WwBwEK4HAh4lc1ElAe6.1","action":"SyncServerConnectionManagerRequest", "result":"SYNC_SERVER_OK", "context":{"environment":"Prod_southeastasia_prod-s01-065-apac-southeastasia", "migrationStage":"NotStarted", "server":"akswtt109000002"}}
{"logTime": "0119/143045", "correlationVector":"LR3WwBwEK4HAh4lc1ElAe6.2","action":"ProcessGetUpdates", "result":"Done", "context":{"dataType":"Sessions", "deleted":"249", "process_failed_to_decrypt":"0", "process_pending_decryption":"0", "process_success":"249", "total":"249"}}
{"logTime": "0119/143045", "correlationVector":"LR3WwBwEK4HAh4lc1ElAe6.3","action":"ProcessGetUpdates", "result":"Done", "context":{"dataType":"Edge Hub App Usage", "deleted":"1", "process_failed_to_decrypt":"0", "process_pending_decryption":"0", "process_success":"1", "total":"1"}}
{"logTime": "0119/143045", "correlationVector":"LR3WwBwEK4HAh4lc1ElAe6.4","action":"GetUpdates Response", "result":"Success", "context":Received 250 update(s). cV=LR3WwBwEK4HAh4lc1ElAe6.0;server=akswtt109000002;cloudType=Consumer;environment=Prod_southeastasia_prod-s01-065-apac-southeastasia;migrationStage=NotStarted Some updates remain.}
{"logTime": "0119/143045", "correlationVector":"vNGrLW1VMEtxeZvOakhCll","action":"Initial GetUpdates", "result":"", "context":Reason: NEWLY_SUPPORTED_DATATYPE. cV=vNGrLW1VMEtxeZvOakhCll}
{"logTime": "0119/143046", "correlationVector":"vNGrLW1VMEtxeZvOakhCll.1","action":"SyncServerConnectionManagerRequest", "result":"SYNC_SERVER_OK", "context":{"environment":"Prod_southeastasia_prod-s01-065-apac-southeastasia", "migrationStage":"NotStarted", "server":"akswtt109000002"}}
{"logTime": "0119/143046", "correlationVector":"vNGrLW1VMEtxeZvOakhCll.2","action":"ProcessGetUpdates", "result":"Done", "context":{"dataType":"Sessions", "deleted":"249", "process_failed_to_decrypt":"0", "process_pending_decryption":"0", "process_success":"249", "total":"249"}}
{"logTime": "0119/143046", "correlationVector":"vNGrLW1VMEtxeZvOakhCll.3","action":"ProcessGetUpdates", "result":"Done", "context":{"dataType":"Edge Hub App Usage", "deleted":"0", "process_failed_to_decrypt":"0", "process_pending_decryption":"0", "process_success":"1", "total":"1"}}
{"logTime": "0119/143046", "correlationVector":"vNGrLW1VMEtxeZvOakhCll.4","action":"GetUpdates Response", "result":"Success", "context":Received 250 update(s). cV=vNGrLW1VMEtxeZvOakhCll.0;server=akswtt109000002;cloudType=Consumer;environment=Prod_southeastasia_prod-s01-065-apac-southeastasia;migrationStage=NotStarted Some updates remain.}
{"logTime": "0119/143046", "correlationVector":"A16ssI3Ur5k+QcQOmeLzrE","action":"Initial GetUpdates", "result":"", "context":Reason: NEWLY_SUPPORTED_DATATYPE. cV=A16ssI3Ur5k+QcQOmeLzrE}
{"logTime": "0119/143048", "correlationVector":"A16ssI3Ur5k+QcQOmeLzrE.1","action":"SyncServerConnectionManagerRequest", "result":"SYNC_SERVER_OK", "context":{"environment":"Prod_southeastasia_prod-s01-065-apac-southeastasia", "migrationStage":"NotStarted", "server":"akswtt109000009"}}
{"logTime": "0119/143048", "correlationVector":"A16ssI3Ur5k+QcQOmeLzrE.2","action":"ProcessGetUpdates", "result":"Done", "context":{"dataType":"Extensions", "deleted":"0", "process_failed_to_decrypt":"0", "process_pending_decryption":"0", "process_success":"2", "total":"2"}}
{"logTime": "0119/143048", "correlationVector":"A16ssI3Ur5k+QcQOmeLzrE.3","action":"ProcessGetUpdates", "result":"Done", "context":{"dataType":"Sessions", "deleted":"233", "process_failed_to_decrypt":"0", "process_pending_decryption":"0", "process_success":"233", "total":"233"}}
{"logTime": "0119/143048", "correlationVector":"A16ssI3Ur5k+QcQOmeLzrE.4","action":"ProcessGetUpdates", "result":"Done", "context":{"dataType":"Saved Tab Group", "deleted":"15", "process_failed_to_decrypt":"0", "process_pending_decryption":"0", "process_success":"15", "total":"15"}}
{"logTime": "0119/143048", "correlationVector":"A16ssI3Ur5k+QcQOmeLzrE.5","action":"GetUpdates Response", "result":"Success", "context":Received 250 update(s). cV=A16ssI3Ur5k+QcQOmeLzrE.0;server=akswtt109000009;cloudType=Consumer;environment=Prod_southeastasia_prod-s01-065-apac-southeastasia;migrationStage=NotStarted Some updates remain.}
{"logTime": "0119/143048", "correlationVector":"ROdnJ2EG4EbRNUxCwVFWRV","action":"Initial GetUpdates", "result":"", "context":Reason: NEWLY_SUPPORTED_DATATYPE. cV=ROdnJ2EG4EbRNUxCwVFWRV}
{"logTime": "0119/143049", "correlationVector":"ROdnJ2EG4EbRNUxCwVFWRV.1","action":"SyncServerConnectionManagerRequest", "result":"SYNC_SERVER_OK", "context":{"environment":"Prod_southeastasia_prod-s01-065-apac-southeastasia", "migrationStage":"NotStarted", "server":"akswtt10900000j"}}
{"logTime": "0119/143049", "correlationVector":"ROdnJ2EG4EbRNUxCwVFWRV.2","action":"ProcessGetUpdates", "result":"Done", "context":{"dataType":"Sessions", "deleted":"246", "process_failed_to_decrypt":"0", "process_pending_decryption":"0", "process_success":"246", "total":"246"}}
{"logTime": "0119/143049", "correlationVector":"ROdnJ2EG4EbRNUxCwVFWRV.3","action":"ProcessGetUpdates", "result":"Done", "context":{"dataType":"Saved Tab Group", "deleted":"4", "process_failed_to_decrypt":"0", "process_pending_decryption":"0", "process_success":"4", "total":"4"}}
{"logTime": "0119/143049", "correlationVector":"ROdnJ2EG4EbRNUxCwVFWRV.4","action":"GetUpdates Response", "result":"Success", "context":Received 250 update(s). cV=ROdnJ2EG4EbRNUxCwVFWRV.0;server=akswtt10900000j;cloudType=Consumer;environment=Prod_southeastasia_prod-s01-065-apac-southeastasia;migrationStage=NotStarted Some updates remain.}
{"logTime": "0119/143049", "correlationVector":"Klz9OLBqZBVCBYRnWNVsYQ","action":"Initial GetUpdates", "result":"", "context":Reason: NEWLY_SUPPORTED_DATATYPE. cV=Klz9OLBqZBVCBYRnWNVsYQ}
{"logTime": "0119/143051", "correlationVector":"Klz9OLBqZBVCBYRnWNVsYQ.1","action":"SyncServerConnectionManagerRequest", "result":"SYNC_SERVER_OK", "context":{"environment":"Prod_southeastasia_prod-s01-065-apac-southeastasia", "migrationStage":"NotStarted", "server":"akswtt10900000p"}}
{"logTime": "0119/143051", "correlationVector":"Klz9OLBqZBVCBYRnWNVsYQ.2","action":"ProcessGetUpdates", "result":"Done", "context":{"dataType":"Sessions", "deleted":"246", "process_failed_to_decrypt":"0", "process_pending_decryption":"0", "process_success":"246", "total":"246"}}
{"logTime": "0119/143051", "correlationVector":"Klz9OLBqZBVCBYRnWNVsYQ.3","action":"ProcessGetUpdates", "result":"Done", "context":{"dataType":"Saved Tab Group", "deleted":"1", "process_failed_to_decrypt":"0", "process_pending_decryption":"0", "process_success":"4", "total":"4"}}
{"logTime": "0119/143051", "correlationVector":"Klz9OLBqZBVCBYRnWNVsYQ.4","action":"GetUpdates Response", "result":"Success", "context":Received 250 update(s). cV=Klz9OLBqZBVCBYRnWNVsYQ.0;server=akswtt10900000p;cloudType=Consumer;environment=Prod_southeastasia_prod-s01-065-apac-southeastasia;migrationStage=NotStarted Some updates remain.}
{"logTime": "0119/143051", "correlationVector":"GRp2iOkPu6vcHaHk6aQKvQ","action":"Initial GetUpdates", "result":"", "context":Reason: NEWLY_SUPPORTED_DATATYPE. cV=GRp2iOkPu6vcHaHk6aQKvQ}
{"logTime": "0119/143052", "correlationVector":"GRp2iOkPu6vcHaHk6aQKvQ.1","action":"SyncServerConnectionManagerRequest", "result":"SYNC_SERVER_OK", "context":{"environment":"Prod_southeastasia_prod-s01-065-apac-southeastasia", "migrationStage":"NotStarted", "server":"akswtt109000002"}}
{"logTime": "0119/143052", "correlationVector":"GRp2iOkPu6vcHaHk6aQKvQ.2","action":"ProcessGetUpdates", "result":"Done", "context":{"dataType":"Sessions", "deleted":"248", "process_failed_to_decrypt":"0", "process_pending_decryption":"0", "process_success":"248", "total":"248"}}
{"logTime": "0119/143052", "correlationVector":"GRp2iOkPu6vcHaHk6aQKvQ.3","action":"ProcessGetUpdates", "result":"Done", "context":{"dataType":"Saved Tab Group", "deleted":"0", "process_failed_to_decrypt":"0", "process_pending_decryption":"0", "process_success":"2", "total":"2"}}
{"logTime": "0119/143052", "correlationVector":"GRp2iOkPu6vcHaHk6aQKvQ.4","action":"GetUpdates Response", "result":"Success", "context":Received 250 update(s). cV=GRp2iOkPu6vcHaHk6aQKvQ.0;server=akswtt109000002;cloudType=Consumer;environment=Prod_southeastasia_prod-s01-065-apac-southeastasia;migrationStage=NotStarted Some updates remain.}
{"logTime": "0119/143052", "correlationVector":"7X4S9V8+hm+uY0Sm1jfp+v","action":"Initial GetUpdates", "result":"", "context":Reason: NEWLY_SUPPORTED_DATATYPE. cV=7X4S9V8+hm+uY0Sm1jfp+v}
{"logTime": "0119/143054", "correlationVector":"7X4S9V8+hm+uY0Sm1jfp+v.1","action":"SyncServerConnectionManagerRequest", "result":"SYNC_SERVER_OK", "context":{"environment":"Prod_southeastasia_prod-s01-065-apac-southeastasia", "migrationStage":"NotStarted", "server":"akswtt10900000e"}}
{"logTime": "0119/143054", "correlationVector":"7X4S9V8+hm+uY0Sm1jfp+v.2","action":"ProcessGetUpdates", "result":"Done", "context":{"dataType":"Extensions", "deleted":"0", "process_failed_to_decrypt":"0", "process_pending_decryption":"0", "process_success":"1", "total":"1"}}
{"logTime": "0119/143054", "correlationVector":"7X4S9V8+hm+uY0Sm1jfp+v.3","action":"ProcessGetUpdates", "result":"Done", "context":{"dataType":"Sessions", "deleted":"236", "process_failed_to_decrypt":"0", "process_pending_decryption":"0", "process_success":"236", "total":"236"}}
{"logTime": "0119/143054", "correlationVector":"7X4S9V8+hm+uY0Sm1jfp+v.4","action":"ProcessGetUpdates", "result":"Done", "context":{"dataType":"Extension settings", "deleted":"0", "process_failed_to_decrypt":"0", "process_pending_decryption":"0", "process_success":"13", "total":"13"}}
{"logTime": "0119/143054", "correlationVector":"7X4S9V8+hm+uY0Sm1jfp+v.5","action":"GetUpdates Response", "result":"Success", "context":Received 250 update(s). cV=7X4S9V8+hm+uY0Sm1jfp+v.0;server=akswtt10900000e;cloudType=Consumer;environment=Prod_southeastasia_prod-s01-065-apac-southeastasia;migrationStage=NotStarted Some updates remain.}
{"logTime": "0119/143054", "correlationVector":"uXsaOF4E8BvOkODUxlnF0t","action":"Initial GetUpdates", "result":"", "context":Reason: NEWLY_SUPPORTED_DATATYPE. cV=uXsaOF4E8BvOkODUxlnF0t}
{"logTime": "0119/143058", "correlationVector":"uXsaOF4E8BvOkODUxlnF0t.1","action":"SyncServerConnectionManagerRequest", "result":"SYNC_SERVER_OK", "context":{"environment":"Prod_southeastasia_prod-s01-065-apac-southeastasia", "migrationStage":"NotStarted", "server":"akswtt109000006"}}
{"logTime": "0119/143058", "correlationVector":"uXsaOF4E8BvOkODUxlnF0t.2","action":"ProcessGetUpdates", "result":"Done", "context":{"dataType":"Sessions", "deleted":"217", "process_failed_to_decrypt":"0", "process_pending_decryption":"0", "process_success":"217", "total":"217"}}
{"logTime": "0119/143058", "correlationVector":"uXsaOF4E8BvOkODUxlnF0t.3","action":"ProcessGetUpdates", "result":"Done", "context":{"dataType":"Extension settings", "deleted":"0", "process_failed_to_decrypt":"0", "process_pending_decryption":"0", "process_success":"33", "total":"33"}}
{"logTime": "0119/143058", "correlationVector":"uXsaOF4E8BvOkODUxlnF0t.4","action":"GetUpdates Response", "result":"Success", "context":Received 250 update(s). cV=uXsaOF4E8BvOkODUxlnF0t.0;server=akswtt109000006;cloudType=Consumer;environment=Prod_southeastasia_prod-s01-065-apac-southeastasia;migrationStage=NotStarted Some updates remain.}
{"logTime": "0119/143058", "correlationVector":"Ol7oqk9KUJE4TQyoqUiqR8","action":"Initial GetUpdates", "result":"", "context":Reason: NEWLY_SUPPORTED_DATATYPE. cV=Ol7oqk9KUJE4TQyoqUiqR8}
{"logTime": "0119/143100", "correlationVector":"Ol7oqk9KUJE4TQyoqUiqR8.1","action":"SyncServerConnectionManagerRequest", "result":"SYNC_SERVER_OK", "context":{"environment":"Prod_southeastasia_prod-s01-065-apac-southeastasia", "migrationStage":"NotStarted", "server":"akswtt10900000q"}}
{"logTime": "0119/143100", "correlationVector":"Ol7oqk9KUJE4TQyoqUiqR8.2","action":"ProcessGetUpdates", "result":"Done", "context":{"dataType":"Sessions", "deleted":"250", "process_failed_to_decrypt":"0", "process_pending_decryption":"0", "process_success":"250", "total":"250"}}
{"logTime": "0119/143100", "correlationVector":"Ol7oqk9KUJE4TQyoqUiqR8.3","action":"GetUpdates Response", "result":"Success", "context":Received 250 update(s). cV=Ol7oqk9KUJE4TQyoqUiqR8.0;server=akswtt10900000q;cloudType=Consumer;environment=Prod_southeastasia_prod-s01-065-apac-southeastasia;migrationStage=NotStarted Some updates remain.}
{"logTime": "0119/143100", "correlationVector":"JrFJgeOZIy9UwLGTFdiw7F","action":"Initial GetUpdates", "result":"", "context":Reason: NEWLY_SUPPORTED_DATATYPE. cV=JrFJgeOZIy9UwLGTFdiw7F}
{"logTime": "0119/143102", "correlationVector":"JrFJgeOZIy9UwLGTFdiw7F.1","action":"SyncServerConnectionManagerRequest", "result":"SYNC_SERVER_OK", "context":{"environment":"Prod_southeastasia_prod-s01-065-apac-southeastasia", "migrationStage":"NotStarted", "server":"akswtt10900000q"}}
{"logTime": "0119/143102", "correlationVector":"JrFJgeOZIy9UwLGTFdiw7F.2","action":"ProcessGetUpdates", "result":"Done", "context":{"dataType":"Autofill Profiles", "deleted":"1", "process_failed_to_decrypt":"0", "process_pending_decryption":"0", "process_success":"1", "total":"1"}}
{"logTime": "0119/143102", "correlationVector":"JrFJgeOZIy9UwLGTFdiw7F.3","action":"ProcessGetUpdates", "result":"Done", "context":{"dataType":"Extensions", "deleted":"0", "process_failed_to_decrypt":"0", "process_pending_decryption":"0", "process_success":"1", "total":"1"}}
{"logTime": "0119/143102", "correlationVector":"JrFJgeOZIy9UwLGTFdiw7F.4","action":"ProcessGetUpdates", "result":"Done", "context":{"dataType":"Sessions", "deleted":"248", "process_failed_to_decrypt":"0", "process_pending_decryption":"0", "process_success":"248", "total":"248"}}
{"logTime": "0119/143102", "correlationVector":"JrFJgeOZIy9UwLGTFdiw7F.5","action":"GetUpdates Response", "result":"Success", "context":Received 250 update(s). cV=JrFJgeOZIy9UwLGTFdiw7F.0;server=akswtt10900000q;cloudType=Consumer;environment=Prod_southeastasia_prod-s01-065-apac-southeastasia;migrationStage=NotStarted Some updates remain.}
{"logTime": "0119/143102", "correlationVector":"ezoC47f6dbdC4kwpIr2pE/","action":"Initial GetUpdates", "result":"", "context":Reason: NEWLY_SUPPORTED_DATATYPE. cV=ezoC47f6dbdC4kwpIr2pE/}
{"logTime": "0119/143103", "correlationVector":"ezoC47f6dbdC4kwpIr2pE/.1","action":"SyncServerConnectionManagerRequest", "result":"SYNC_SERVER_OK", "context":{"environment":"Prod_southeastasia_prod-s01-065-apac-southeastasia", "migrationStage":"NotStarted", "server":"akswtt10900000t"}}
{"logTime": "0119/143103", "correlationVector":"ezoC47f6dbdC4kwpIr2pE/.2","action":"ProcessGetUpdates", "result":"Done", "context":{"dataType":"Sessions", "deleted":"250", "process_failed_to_decrypt":"0", "process_pending_decryption":"0", "process_success":"250", "total":"250"}}
{"logTime": "0119/143103", "correlationVector":"ezoC47f6dbdC4kwpIr2pE/.3","action":"GetUpdates Response", "result":"Success", "context":Received 250 update(s). cV=ezoC47f6dbdC4kwpIr2pE/.0;server=akswtt10900000t;cloudType=Consumer;environment=Prod_southeastasia_prod-s01-065-apac-southeastasia;migrationStage=NotStarted Some updates remain.}
{"logTime": "0119/143103", "correlationVector":"J+Ffjhn4IGHUV7Bj56RV+2","action":"Initial GetUpdates", "result":"", "context":Reason: NEWLY_SUPPORTED_DATATYPE. cV=J+Ffjhn4IGHUV7Bj56RV+2}
{"logTime": "0119/143106", "correlationVector":"J+Ffjhn4IGHUV7Bj56RV+2.1","action":"SyncServerConnectionManagerRequest", "result":"SYNC_SERVER_OK", "context":{"environment":"Prod_southeastasia_prod-s01-065-apac-southeastasia", "migrationStage":"NotStarted", "server":"akswtt109000008"}}
{"logTime": "0119/143106", "correlationVector":"J+Ffjhn4IGHUV7Bj56RV+2.2","action":"ProcessGetUpdates", "result":"Done", "context":{"dataType":"Extensions", "deleted":"0", "process_failed_to_decrypt":"0", "process_pending_decryption":"0", "process_success":"1", "total":"1"}}
{"logTime": "0119/143106", "correlationVector":"J+Ffjhn4IGHUV7Bj56RV+2.3","action":"ProcessGetUpdates", "result":"Done", "context":{"dataType":"Sessions", "deleted":"249", "process_failed_to_decrypt":"0", "process_pending_decryption":"0", "process_success":"249", "total":"249"}}
{"logTime": "0119/143106", "correlationVector":"J+Ffjhn4IGHUV7Bj56RV+2.4","action":"GetUpdates Response", "result":"Success", "context":Received 250 update(s). cV=J+Ffjhn4IGHUV7Bj56RV+2.0;server=akswtt109000008;cloudType=Consumer;environment=Prod_southeastasia_prod-s01-065-apac-southeastasia;migrationStage=NotStarted Some updates remain.}
{"logTime": "0119/143106", "correlationVector":"Qdl+k/yGq3Bwed3Wu09ETh","action":"Initial GetUpdates", "result":"", "context":Reason: NEWLY_SUPPORTED_DATATYPE. cV=Qdl+k/yGq3Bwed3Wu09ETh}
{"logTime": "0119/143110", "correlationVector":"Qdl+k/yGq3Bwed3Wu09ETh.1","action":"SyncServerConnectionManagerRequest", "result":"SYNC_SERVER_OK", "context":{"environment":"Prod_southeastasia_prod-s01-065-apac-southeastasia", "migrationStage":"NotStarted", "server":"akswtt10900000b"}}
{"logTime": "0119/143110", "correlationVector":"Qdl+k/yGq3Bwed3Wu09ETh.2","action":"ProcessGetUpdates", "result":"Done", "context":{"dataType":"Sessions", "deleted":"241", "process_failed_to_decrypt":"0", "process_pending_decryption":"0", "process_success":"241", "total":"241"}}
{"logTime": "0119/143110", "correlationVector":"Qdl+k/yGq3Bwed3Wu09ETh.3","action":"ProcessGetUpdates", "result":"Done", "context":{"dataType":"Saved Tab Group", "deleted":"7", "process_failed_to_decrypt":"0", "process_pending_decryption":"0", "process_success":"7", "total":"7"}}
{"logTime": "0119/143110", "correlationVector":"Qdl+k/yGq3Bwed3Wu09ETh.4","action":"ProcessGetUpdates", "result":"Done", "context":{"dataType":"WebAuthn Credentials", "deleted":"0", "process_failed_to_decrypt":"0", "process_pending_decryption":"0", "process_success":"2", "total":"2"}}
{"logTime": "0119/143111", "correlationVector":"Qdl+k/yGq3Bwed3Wu09ETh.5","action":"GetUpdates Response", "result":"Success", "context":Received 250 update(s). cV=Qdl+k/yGq3Bwed3Wu09ETh.0;server=akswtt10900000b;cloudType=Consumer;environment=Prod_southeastasia_prod-s01-065-apac-southeastasia;migrationStage=NotStarted Some updates remain.}
{"logTime": "0119/143111", "correlationVector":"1LDg5bpCKoJVO5Kvg4zpan","action":"Initial GetUpdates", "result":"", "context":Reason: NEWLY_SUPPORTED_DATATYPE. cV=1LDg5bpCKoJVO5Kvg4zpan}
{"logTime": "0119/143114", "correlationVector":"1LDg5bpCKoJVO5Kvg4zpan.1","action":"SyncServerConnectionManagerRequest", "result":"SYNC_SERVER_OK", "context":{"environment":"Prod_southeastasia_prod-s01-065-apac-southeastasia", "migrationStage":"NotStarted", "server":"akswtt10900000a"}}
{"logTime": "0119/143114", "correlationVector":"1LDg5bpCKoJVO5Kvg4zpan.2","action":"ProcessGetUpdates", "result":"Done", "context":{"dataType":"Sessions", "deleted":"250", "process_failed_to_decrypt":"0", "process_pending_decryption":"0", "process_success":"250", "total":"250"}}
{"logTime": "0119/143114", "correlationVector":"1LDg5bpCKoJVO5Kvg4zpan.3","action":"GetUpdates Response", "result":"Success", "context":Received 250 update(s). cV=1LDg5bpCKoJVO5Kvg4zpan.0;server=akswtt10900000a;cloudType=Consumer;environment=Prod_southeastasia_prod-s01-065-apac-southeastasia;migrationStage=NotStarted Some updates remain.}
{"logTime": "0119/143114", "correlationVector":"A7i/t0+xwZ6GfNqA4VMAPz","action":"Initial GetUpdates", "result":"", "context":Reason: NEWLY_SUPPORTED_DATATYPE. cV=A7i/t0+xwZ6GfNqA4VMAPz}
{"logTime": "0119/143115", "correlationVector":"A7i/t0+xwZ6GfNqA4VMAPz.1","action":"SyncServerConnectionManagerRequest", "result":"SYNC_SERVER_OK", "context":{"environment":"Prod_southeastasia_prod-s01-065-apac-southeastasia", "migrationStage":"NotStarted", "server":"akswtt109000005"}}
{"logTime": "0119/143115", "correlationVector":"A7i/t0+xwZ6GfNqA4VMAPz.2","action":"ProcessGetUpdates", "result":"Done", "context":{"dataType":"Sessions", "deleted":"246", "process_failed_to_decrypt":"0", "process_pending_decryption":"0", "process_success":"246", "total":"246"}}
{"logTime": "0119/143115", "correlationVector":"A7i/t0+xwZ6GfNqA4VMAPz.3","action":"ProcessGetUpdates", "result":"Done", "context":{"dataType":"Saved Tab Group", "deleted":"3", "process_failed_to_decrypt":"0", "process_pending_decryption":"0", "process_success":"3", "total":"3"}}
{"logTime": "0119/143115", "correlationVector":"A7i/t0+xwZ6GfNqA4VMAPz.4","action":"ProcessGetUpdates", "result":"Done", "context":{"dataType":"WebAuthn Credentials", "deleted":"0", "process_failed_to_decrypt":"0", "process_pending_decryption":"0", "process_success":"1", "total":"1"}}
{"logTime": "0119/143115", "correlationVector":"A7i/t0+xwZ6GfNqA4VMAPz.5","action":"GetUpdates Response", "result":"Success", "context":Received 250 update(s). cV=A7i/t0+xwZ6GfNqA4VMAPz.0;server=akswtt109000005;cloudType=Consumer;environment=Prod_southeastasia_prod-s01-065-apac-southeastasia;migrationStage=NotStarted Some updates remain.}
{"logTime": "0119/143115", "correlationVector":"07VXGImLUpZ+eADNfxm4Dt","action":"Initial GetUpdates", "result":"", "context":Reason: NEWLY_SUPPORTED_DATATYPE. cV=07VXGImLUpZ+eADNfxm4Dt}
{"logTime": "0119/143119", "correlationVector":"07VXGImLUpZ+eADNfxm4Dt.1","action":"SyncServerConnectionManagerRequest", "result":"SYNC_SERVER_OK", "context":{"environment":"Prod_southeastasia_prod-s01-065-apac-southeastasia", "migrationStage":"NotStarted", "server":"akswtt10900000t"}}
{"logTime": "0119/143119", "correlationVector":"07VXGImLUpZ+eADNfxm4Dt.2","action":"ProcessGetUpdates", "result":"Done", "context":{"dataType":"Sessions", "deleted":"250", "process_failed_to_decrypt":"0", "process_pending_decryption":"0", "process_success":"250", "total":"250"}}
{"logTime": "0119/143119", "correlationVector":"07VXGImLUpZ+eADNfxm4Dt.3","action":"GetUpdates Response", "result":"Success", "context":Received 250 update(s). cV=07VXGImLUpZ+eADNfxm4Dt.0;server=akswtt10900000t;cloudType=Consumer;environment=Prod_southeastasia_prod-s01-065-apac-southeastasia;migrationStage=NotStarted Some updates remain.}
{"logTime": "0119/143119", "correlationVector":"C4LOD8MUNNeWC5y6I3plep","action":"Initial GetUpdates", "result":"", "context":Reason: NEWLY_SUPPORTED_DATATYPE. cV=C4LOD8MUNNeWC5y6I3plep}
{"logTime": "0119/143121", "correlationVector":"C4LOD8MUNNeWC5y6I3plep.1","action":"SyncServerConnectionManagerRequest", "result":"SYNC_SERVER_OK", "context":{"environment":"Prod_southeastasia_prod-s01-065-apac-southeastasia", "migrationStage":"NotStarted", "server":"akswtt109000001"}}
{"logTime": "0119/143121", "correlationVector":"C4LOD8MUNNeWC5y6I3plep.2","action":"ProcessGetUpdates", "result":"Done", "context":{"dataType":"Sessions", "deleted":"250", "process_failed_to_decrypt":"0", "process_pending_decryption":"0", "process_success":"250", "total":"250"}}
{"logTime": "0119/143121", "correlationVector":"C4LOD8MUNNeWC5y6I3plep.3","action":"GetUpdates Response", "result":"Success", "context":Received 250 update(s). cV=C4LOD8MUNNeWC5y6I3plep.0;server=akswtt109000001;cloudType=Consumer;environment=Prod_southeastasia_prod-s01-065-apac-southeastasia;migrationStage=NotStarted Some updates remain.}
{"logTime": "0119/143121", "correlationVector":"6nV/wJobIMcX36lBWP5Vo0","action":"Initial GetUpdates", "result":"", "context":Reason: NEWLY_SUPPORTED_DATATYPE. cV=6nV/wJobIMcX36lBWP5Vo0}
{"logTime": "0119/143123", "correlationVector":"6nV/wJobIMcX36lBWP5Vo0.1","action":"SyncServerConnectionManagerRequest", "result":"SYNC_SERVER_OK", "context":{"environment":"Prod_southeastasia_prod-s01-065-apac-southeastasia", "migrationStage":"NotStarted", "server":"akswtt109000008"}}
{"logTime": "0119/143123", "correlationVector":"6nV/wJobIMcX36lBWP5Vo0.2","action":"ProcessGetUpdates", "result":"Done", "context":{"dataType":"Sessions", "deleted":"250", "process_failed_to_decrypt":"0", "process_pending_decryption":"0", "process_success":"250", "total":"250"}}
{"logTime": "0119/143123", "correlationVector":"6nV/wJobIMcX36lBWP5Vo0.3","action":"GetUpdates Response", "result":"Success", "context":Received 250 update(s). cV=6nV/wJobIMcX36lBWP5Vo0.0;server=akswtt109000008;cloudType=Consumer;environment=Prod_southeastasia_prod-s01-065-apac-southeastasia;migrationStage=NotStarted Some updates remain.}
{"logTime": "0119/143123", "correlationVector":"5QfhXuoAEJiDc6Ce5NXSDb","action":"Initial GetUpdates", "result":"", "context":Reason: NEWLY_SUPPORTED_DATATYPE. cV=5QfhXuoAEJiDc6Ce5NXSDb}
{"logTime": "0119/143125", "correlationVector":"5QfhXuoAEJiDc6Ce5NXSDb.1","action":"SyncServerConnectionManagerRequest", "result":"SYNC_SERVER_OK", "context":{"environment":"Prod_southeastasia_prod-s01-065-apac-southeastasia", "migrationStage":"NotStarted", "server":"akswtt109000006"}}
{"logTime": "0119/143125", "correlationVector":"5QfhXuoAEJiDc6Ce5NXSDb.2","action":"ProcessGetUpdates", "result":"Done", "context":{"dataType":"Sessions", "deleted":"249", "process_failed_to_decrypt":"0", "process_pending_decryption":"0", "process_success":"249", "total":"249"}}
{"logTime": "0119/143125", "correlationVector":"5QfhXuoAEJiDc6Ce5NXSDb.3","action":"ProcessGetUpdates", "result":"Done", "context":{"dataType":"Saved Tab Group", "deleted":"1", "process_failed_to_decrypt":"0", "process_pending_decryption":"0", "process_success":"1", "total":"1"}}
{"logTime": "0119/143125", "correlationVector":"5QfhXuoAEJiDc6Ce5NXSDb.4","action":"GetUpdates Response", "result":"Success", "context":Received 250 update(s). cV=5QfhXuoAEJiDc6Ce5NXSDb.0;server=akswtt109000006;cloudType=Consumer;environment=Prod_southeastasia_prod-s01-065-apac-southeastasia;migrationStage=NotStarted Some updates remain.}
{"logTime": "0119/143125", "correlationVector":"rM7fEcd0Vx5f46Na1+1y/E","action":"Initial GetUpdates", "result":"", "context":Reason: NEWLY_SUPPORTED_DATATYPE. cV=rM7fEcd0Vx5f46Na1+1y/E}
{"logTime": "0119/143127", "correlationVector":"rM7fEcd0Vx5f46Na1+1y/E.1","action":"SyncServerConnectionManagerRequest", "result":"SYNC_SERVER_OK", "context":{"environment":"Prod_southeastasia_prod-s01-065-apac-southeastasia", "migrationStage":"NotStarted", "server":"akswtt10900000q"}}
{"logTime": "0119/143127", "correlationVector":"rM7fEcd0Vx5f46Na1+1y/E.2","action":"ProcessGetUpdates", "result":"Done", "context":{"dataType":"Sessions", "deleted":"232", "process_failed_to_decrypt":"0", "process_pending_decryption":"0", "process_success":"232", "total":"232"}}
{"logTime": "0119/143127", "correlationVector":"rM7fEcd0Vx5f46Na1+1y/E.3","action":"ProcessGetUpdates", "result":"Done", "context":{"dataType":"Saved Tab Group", "deleted":"16", "process_failed_to_decrypt":"0", "process_pending_decryption":"0", "process_success":"17", "total":"17"}}
{"logTime": "0119/143127", "correlationVector":"rM7fEcd0Vx5f46Na1+1y/E.4","action":"ProcessGetUpdates", "result":"Done", "context":{"dataType":"Edge Hub App Usage", "deleted":"1", "process_failed_to_decrypt":"0", "process_pending_decryption":"0", "process_success":"1", "total":"1"}}
{"logTime": "0119/143127", "correlationVector":"rM7fEcd0Vx5f46Na1+1y/E.5","action":"GetUpdates Response", "result":"Success", "context":Received 250 update(s). cV=rM7fEcd0Vx5f46Na1+1y/E.0;server=akswtt10900000q;cloudType=Consumer;environment=Prod_southeastasia_prod-s01-065-apac-southeastasia;migrationStage=NotStarted Some updates remain.}
{"logTime": "0119/143127", "correlationVector":"Gve5a0+o50bbA/3xjrT+pq","action":"Initial GetUpdates", "result":"", "context":Reason: NEWLY_SUPPORTED_DATATYPE. cV=Gve5a0+o50bbA/3xjrT+pq}
{"logTime": "0119/143129", "correlationVector":"Gve5a0+o50bbA/3xjrT+pq.1","action":"SyncServerConnectionManagerRequest", "result":"SYNC_SERVER_OK", "context":{"environment":"Prod_southeastasia_prod-s01-065-apac-southeastasia", "migrationStage":"NotStarted", "server":"akswtt109000001"}}
{"logTime": "0119/143129", "correlationVector":"Gve5a0+o50bbA/3xjrT+pq.2","action":"ProcessGetUpdates", "result":"Done", "context":{"dataType":"Autofill Profiles", "deleted":"1", "process_failed_to_decrypt":"0", "process_pending_decryption":"0", "process_success":"1", "total":"1"}}
{"logTime": "0119/143129", "correlationVector":"Gve5a0+o50bbA/3xjrT+pq.3","action":"ProcessGetUpdates", "result":"Done", "context":{"dataType":"Sessions", "deleted":"248", "process_failed_to_decrypt":"0", "process_pending_decryption":"0", "process_success":"248", "total":"248"}}
{"logTime": "0119/143129", "correlationVector":"Gve5a0+o50bbA/3xjrT+pq.4","action":"ProcessGetUpdates", "result":"Done", "context":{"dataType":"Edge Hub App Usage", "deleted":"0", "process_failed_to_decrypt":"0", "process_pending_decryption":"0", "process_success":"1", "total":"1"}}
{"logTime": "0119/143129", "correlationVector":"Gve5a0+o50bbA/3xjrT+pq.5","action":"GetUpdates Response", "result":"Success", "context":Received 250 update(s). cV=Gve5a0+o50bbA/3xjrT+pq.0;server=akswtt109000001;cloudType=Consumer;environment=Prod_southeastasia_prod-s01-065-apac-southeastasia;migrationStage=NotStarted Some updates remain.}
{"logTime": "0119/143129", "correlationVector":"xze3k/iXLnYu62rrkk4rJw","action":"Initial GetUpdates", "result":"", "context":Reason: NEWLY_SUPPORTED_DATATYPE. cV=xze3k/iXLnYu62rrkk4rJw}
{"logTime": "0119/143130", "correlationVector":"xze3k/iXLnYu62rrkk4rJw.1","action":"SyncServerConnectionManagerRequest", "result":"SYNC_SERVER_OK", "context":{"environment":"Prod_southeastasia_prod-s01-065-apac-southeastasia", "migrationStage":"NotStarted", "server":"akswtt10900000k"}}
{"logTime": "0119/143130", "correlationVector":"xze3k/iXLnYu62rrkk4rJw.2","action":"ProcessGetUpdates", "result":"Done", "context":{"dataType":"Sessions", "deleted":"233", "process_failed_to_decrypt":"0", "process_pending_decryption":"0", "process_success":"233", "total":"233"}}
{"logTime": "0119/143130", "correlationVector":"xze3k/iXLnYu62rrkk4rJw.3","action":"ProcessGetUpdates", "result":"Done", "context":{"dataType":"Saved Tab Group", "deleted":"17", "process_failed_to_decrypt":"0", "process_pending_decryption":"0", "process_success":"17", "total":"17"}}
{"logTime": "0119/143130", "correlationVector":"xze3k/iXLnYu62rrkk4rJw.4","action":"GetUpdates Response", "result":"Success", "context":Received 250 update(s). cV=xze3k/iXLnYu62rrkk4rJw.0;server=akswtt10900000k;cloudType=Consumer;environment=Prod_southeastasia_prod-s01-065-apac-southeastasia;migrationStage=NotStarted Some updates remain.}
{"logTime": "0119/143130", "correlationVector":"fECvQPwQin/e0RAaKypy6p","action":"Initial GetUpdates", "result":"", "context":Reason: NEWLY_SUPPORTED_DATATYPE. cV=fECvQPwQin/e0RAaKypy6p}
{"logTime": "0119/143132", "correlationVector":"fECvQPwQin/e0RAaKypy6p.1","action":"SyncServerConnectionManagerRequest", "result":"SYNC_SERVER_OK", "context":{"environment":"Prod_southeastasia_prod-s01-065-apac-southeastasia", "migrationStage":"NotStarted", "server":"akswtt10900000c"}}
{"logTime": "0119/143132", "correlationVector":"fECvQPwQin/e0RAaKypy6p.2","action":"ProcessGetUpdates", "result":"Done", "context":{"dataType":"Autofill Profiles", "deleted":"2", "process_failed_to_decrypt":"0", "process_pending_decryption":"0", "process_success":"2", "total":"2"}}
{"logTime": "0119/143132", "correlationVector":"fECvQPwQin/e0RAaKypy6p.3","action":"ProcessGetUpdates", "result":"Done", "context":{"dataType":"Sessions", "deleted":"183", "process_failed_to_decrypt":"0", "process_pending_decryption":"0", "process_success":"183", "total":"183"}}
{"logTime": "0119/143132", "correlationVector":"fECvQPwQin/e0RAaKypy6p.4","action":"ProcessGetUpdates", "result":"Done", "context":{"dataType":"Saved Tab Group", "deleted":"64", "process_failed_to_decrypt":"0", "process_pending_decryption":"0", "process_success":"65", "total":"65"}}
{"logTime": "0119/143132", "correlationVector":"fECvQPwQin/e0RAaKypy6p.5","action":"GetUpdates Response", "result":"Success", "context":Received 250 update(s). cV=fECvQPwQin/e0RAaKypy6p.0;server=akswtt10900000c;cloudType=Consumer;environment=Prod_southeastasia_prod-s01-065-apac-southeastasia;migrationStage=NotStarted Some updates remain.}
{"logTime": "0119/143132", "correlationVector":"Cd2sR38qrrZWY38hD0+Pi0","action":"Initial GetUpdates", "result":"", "context":Reason: NEWLY_SUPPORTED_DATATYPE. cV=Cd2sR38qrrZWY38hD0+Pi0}
{"logTime": "0119/143133", "correlationVector":"Cd2sR38qrrZWY38hD0+Pi0.1","action":"SyncServerConnectionManagerRequest", "result":"SYNC_SERVER_OK", "context":{"environment":"Prod_southeastasia_prod-s01-065-apac-southeastasia", "migrationStage":"NotStarted", "server":"akswtt10900000q"}}
{"logTime": "0119/143133", "correlationVector":"Cd2sR38qrrZWY38hD0+Pi0.2","action":"ProcessGetUpdates", "result":"Done", "context":{"dataType":"Sessions", "deleted":"135", "process_failed_to_decrypt":"0", "process_pending_decryption":"0", "process_success":"135", "total":"135"}}
{"logTime": "0119/143133", "correlationVector":"Cd2sR38qrrZWY38hD0+Pi0.3","action":"ProcessGetUpdates", "result":"Done", "context":{"dataType":"Saved Tab Group", "deleted":"113", "process_failed_to_decrypt":"0", "process_pending_decryption":"0", "process_success":"115", "total":"115"}}
{"logTime": "0119/143133", "correlationVector":"Cd2sR38qrrZWY38hD0+Pi0.4","action":"GetUpdates Response", "result":"Success", "context":Received 250 update(s). cV=Cd2sR38qrrZWY38hD0+Pi0.0;server=akswtt10900000q;cloudType=Consumer;environment=Prod_southeastasia_prod-s01-065-apac-southeastasia;migrationStage=NotStarted Some updates remain.}
{"logTime": "0119/143133", "correlationVector":"ccc04k6of9rqk/YOuxtX3j","action":"Initial GetUpdates", "result":"", "context":Reason: NEWLY_SUPPORTED_DATATYPE. cV=ccc04k6of9rqk/YOuxtX3j}
{"logTime": "0119/143136", "correlationVector":"ccc04k6of9rqk/YOuxtX3j.1","action":"SyncServerConnectionManagerRequest", "result":"SYNC_SERVER_OK", "context":{"environment":"Prod_southeastasia_prod-s01-065-apac-southeastasia", "migrationStage":"NotStarted", "server":"akswtt10900000j"}}
{"logTime": "0119/143136", "correlationVector":"ccc04k6of9rqk/YOuxtX3j.2","action":"ProcessGetUpdates", "result":"Done", "context":{"dataType":"Autofill Profiles", "deleted":"0", "process_failed_to_decrypt":"0", "process_pending_decryption":"0", "process_success":"2", "total":"2"}}
{"logTime": "0119/143136", "correlationVector":"ccc04k6of9rqk/YOuxtX3j.3","action":"ProcessGetUpdates", "result":"Done", "context":{"dataType":"Autofill", "deleted":"0", "process_failed_to_decrypt":"0", "process_pending_decryption":"0", "process_success":"50", "total":"50"}}
{"logTime": "0119/143136", "correlationVector":"ccc04k6of9rqk/YOuxtX3j.4","action":"ProcessGetUpdates", "result":"Done", "context":{"dataType":"Sessions", "deleted":"197", "process_failed_to_decrypt":"0", "process_pending_decryption":"0", "process_success":"197", "total":"197"}}
{"logTime": "0119/143136", "correlationVector":"ccc04k6of9rqk/YOuxtX3j.5","action":"ProcessGetUpdates", "result":"Done", "context":{"dataType":"Saved Tab Group", "deleted":"1", "process_failed_to_decrypt":"0", "process_pending_decryption":"0", "process_success":"1", "total":"1"}}
{"logTime": "0119/143136", "correlationVector":"ccc04k6of9rqk/YOuxtX3j.6","action":"GetUpdates Response", "result":"Success", "context":Received 250 update(s). cV=ccc04k6of9rqk/YOuxtX3j.0;server=akswtt10900000j;cloudType=Consumer;environment=Prod_southeastasia_prod-s01-065-apac-southeastasia;migrationStage=NotStarted Some updates remain.}
{"logTime": "0119/143136", "correlationVector":"a2M7QoIi++qmWv712JsHoJ","action":"Initial GetUpdates", "result":"", "context":Reason: NEWLY_SUPPORTED_DATATYPE. cV=a2M7QoIi++qmWv712JsHoJ}
{"logTime": "0119/143137", "correlationVector":"a2M7QoIi++qmWv712JsHoJ","action":"SyncServerConnectionManagerRequest", "result":"CONNECTION_UNAVAILABLE", "context":{"error_type":"net_error_code", "error_value":"-3"}}
